Archive member included to satisfy reference by file (symbol)

/usr/local/Cellar/gcc-arm-none-eabi/20160926/bin/../lib/gcc/arm-none-eabi/5.4.1/../../../../arm-none-eabi/lib/armv7-m/libc_nano.a(lib_a-exit.o)
                              /usr/local/Cellar/gcc-arm-none-eabi/20160926/bin/../lib/gcc/arm-none-eabi/5.4.1/../../../../arm-none-eabi/lib/armv7-m/crt0.o (exit)
/usr/local/Cellar/gcc-arm-none-eabi/20160926/bin/../lib/gcc/arm-none-eabi/5.4.1/../../../../arm-none-eabi/lib/armv7-m/libc_nano.a(lib_a-impure.o)
                              /usr/local/Cellar/gcc-arm-none-eabi/20160926/bin/../lib/gcc/arm-none-eabi/5.4.1/../../../../arm-none-eabi/lib/armv7-m/libc_nano.a(lib_a-exit.o) (_global_impure_ptr)
/usr/local/Cellar/gcc-arm-none-eabi/20160926/bin/../lib/gcc/arm-none-eabi/5.4.1/../../../../arm-none-eabi/lib/armv7-m/libc_nano.a(lib_a-init.o)
                              /usr/local/Cellar/gcc-arm-none-eabi/20160926/bin/../lib/gcc/arm-none-eabi/5.4.1/../../../../arm-none-eabi/lib/armv7-m/crt0.o (__libc_init_array)
/usr/local/Cellar/gcc-arm-none-eabi/20160926/bin/../lib/gcc/arm-none-eabi/5.4.1/../../../../arm-none-eabi/lib/armv7-m/libc_nano.a(lib_a-memset.o)
                              /usr/local/Cellar/gcc-arm-none-eabi/20160926/bin/../lib/gcc/arm-none-eabi/5.4.1/../../../../arm-none-eabi/lib/armv7-m/crt0.o (memset)
/usr/local/Cellar/gcc-arm-none-eabi/20160926/bin/../lib/gcc/arm-none-eabi/5.4.1/../../../../arm-none-eabi/lib/armv7-m/libc_nano.a(lib_a-nano-vfprintf_float.o)
                              (_printf_float)
/usr/local/Cellar/gcc-arm-none-eabi/20160926/bin/../lib/gcc/arm-none-eabi/5.4.1/../../../../arm-none-eabi/lib/armv7-m/libc_nano.a(lib_a-nano-vfprintf_i.o)
                              /usr/local/Cellar/gcc-arm-none-eabi/20160926/bin/../lib/gcc/arm-none-eabi/5.4.1/../../../../arm-none-eabi/lib/armv7-m/libc_nano.a(lib_a-nano-vfprintf_float.o) (_printf_common)
/usr/local/Cellar/gcc-arm-none-eabi/20160926/bin/../lib/gcc/arm-none-eabi/5.4.1/../../../../arm-none-eabi/lib/armv7-m/libc_nano.a(lib_a-nano-vfscanf_float.o)
                              (_scanf_float)
/usr/local/Cellar/gcc-arm-none-eabi/20160926/bin/../lib/gcc/arm-none-eabi/5.4.1/../../../../arm-none-eabi/lib/armv7-m/libc_nano.a(lib_a-printf.o)
                              build/main.o (printf)
/usr/local/Cellar/gcc-arm-none-eabi/20160926/bin/../lib/gcc/arm-none-eabi/5.4.1/../../../../arm-none-eabi/lib/armv7-m/libc_nano.a(lib_a-puts.o)
                              build/main.o (puts)
/usr/local/Cellar/gcc-arm-none-eabi/20160926/bin/../lib/gcc/arm-none-eabi/5.4.1/../../../../arm-none-eabi/lib/armv7-m/libc_nano.a(lib_a-sf_nan.o)
                              /usr/local/Cellar/gcc-arm-none-eabi/20160926/bin/../lib/gcc/arm-none-eabi/5.4.1/../../../../arm-none-eabi/lib/armv7-m/libc_nano.a(lib_a-nano-vfscanf_float.o) (nanf)
/usr/local/Cellar/gcc-arm-none-eabi/20160926/bin/../lib/gcc/arm-none-eabi/5.4.1/../../../../arm-none-eabi/lib/armv7-m/libc_nano.a(lib_a-sprintf.o)
                              /usr/local/Cellar/gcc-arm-none-eabi/20160926/bin/../lib/gcc/arm-none-eabi/5.4.1/../../../../arm-none-eabi/lib/armv7-m/libc_nano.a(lib_a-nano-vfscanf_float.o) (sprintf)
/usr/local/Cellar/gcc-arm-none-eabi/20160926/bin/../lib/gcc/arm-none-eabi/5.4.1/../../../../arm-none-eabi/lib/armv7-m/libc_nano.a(lib_a-strlen.o)
                              /usr/local/Cellar/gcc-arm-none-eabi/20160926/bin/../lib/gcc/arm-none-eabi/5.4.1/../../../../arm-none-eabi/lib/armv7-m/libc_nano.a(lib_a-nano-vfprintf_float.o) (strlen)
/usr/local/Cellar/gcc-arm-none-eabi/20160926/bin/../lib/gcc/arm-none-eabi/5.4.1/../../../../arm-none-eabi/lib/armv7-m/libc_nano.a(lib_a-strtod.o)
                              /usr/local/Cellar/gcc-arm-none-eabi/20160926/bin/../lib/gcc/arm-none-eabi/5.4.1/../../../../arm-none-eabi/lib/armv7-m/libc_nano.a(lib_a-nano-vfscanf_float.o) (_strtod_r)
/usr/local/Cellar/gcc-arm-none-eabi/20160926/bin/../lib/gcc/arm-none-eabi/5.4.1/../../../../arm-none-eabi/lib/armv7-m/libc_nano.a(lib_a-strtol.o)
                              /usr/local/Cellar/gcc-arm-none-eabi/20160926/bin/../lib/gcc/arm-none-eabi/5.4.1/../../../../arm-none-eabi/lib/armv7-m/libc_nano.a(lib_a-nano-vfscanf_float.o) (_strtol_r)
/usr/local/Cellar/gcc-arm-none-eabi/20160926/bin/../lib/gcc/arm-none-eabi/5.4.1/../../../../arm-none-eabi/lib/armv7-m/libc_nano.a(lib_a-wbuf.o)
                              /usr/local/Cellar/gcc-arm-none-eabi/20160926/bin/../lib/gcc/arm-none-eabi/5.4.1/../../../../arm-none-eabi/lib/armv7-m/libc_nano.a(lib_a-puts.o) (__swbuf_r)
/usr/local/Cellar/gcc-arm-none-eabi/20160926/bin/../lib/gcc/arm-none-eabi/5.4.1/../../../../arm-none-eabi/lib/armv7-m/libc_nano.a(lib_a-wsetup.o)
                              /usr/local/Cellar/gcc-arm-none-eabi/20160926/bin/../lib/gcc/arm-none-eabi/5.4.1/../../../../arm-none-eabi/lib/armv7-m/libc_nano.a(lib_a-puts.o) (__swsetup_r)
[...]
Memory Configuration

Name             Origin             Length             Attributes
RAM              0x0000000020000000 0x0000000000005000 xrw
FLASH            0x0000000008000000 0x0000000000020000 xr
*default*        0x0000000000000000 0xffffffffffffffff

Linker script and memory map

LOAD /usr/local/Cellar/gcc-arm-none-eabi/20160926/bin/../lib/gcc/arm-none-eabi/5.4.1/armv7-m/crti.o
LOAD /usr/local/Cellar/gcc-arm-none-eabi/20160926/bin/../lib/gcc/arm-none-eabi/5.4.1/armv7-m/crtbegin.o
LOAD /usr/local/Cellar/gcc-arm-none-eabi/20160926/bin/../lib/gcc/arm-none-eabi/5.4.1/../../../../arm-none-eabi/lib/armv7-m/crt0.o
LOAD build/main.o
LOAD build/stm32f10x_it.o
LOAD build/hw_config.o
LOAD build/debug.o
LOAD build/key.o
LOAD build/led.o
LOAD build/seven_segment.o
LOAD build/usb_desc.o
LOAD build/usb_endp.o
LOAD build/usb_istr.o
LOAD build/usb_prop.o
LOAD build/usb_pwr.o
LOAD build/zigbee_test.o
LOAD build/syscalls.o
LOAD build/i2c_driver.o
LOAD build/I2CRoutines.o
LOAD build/BMA280.o
LOAD build/misc.o
LOAD build/stm32f10x_adc.o
LOAD build/stm32f10x_bkp.o
LOAD build/stm32f10x_can.o
LOAD build/stm32f10x_crc.o
LOAD build/stm32f10x_dac.o
LOAD build/stm32f10x_dbgmcu.o
LOAD build/stm32f10x_dma.o
LOAD build/stm32f10x_exti.o
LOAD build/stm32f10x_flash.o
LOAD build/stm32f10x_fsmc.o
LOAD build/stm32f10x_gpio.o
LOAD build/stm32f10x_i2c.o
LOAD build/stm32f10x_iwdg.o
LOAD build/stm32f10x_pwr.o
LOAD build/stm32f10x_rcc.o
LOAD build/stm32f10x_rtc.o
LOAD build/stm32f10x_sdio.o
LOAD build/stm32f10x_spi.o
LOAD build/stm32f10x_tim.o
LOAD build/stm32f10x_usart.o
LOAD build/stm32f10x_wwdg.o
LOAD build/usb_core.o
LOAD build/usb_init.o
LOAD build/usb_int.o
LOAD build/usb_mem.o
LOAD build/usb_regs.o
LOAD build/system_stm32f10x.o
LOAD build/I2c_Sw.o
LOAD build/startup_stm32f10x_md.o
LOAD /usr/local/Cellar/gcc-arm-none-eabi/20160926/bin/../lib/gcc/arm-none-eabi/5.4.1/../../../../arm-none-eabi/lib/armv7-m/libc_nano.a
LOAD /usr/local/Cellar/gcc-arm-none-eabi/20160926/bin/../lib/gcc/arm-none-eabi/5.4.1/../../../../arm-none-eabi/lib/armv7-m/libm.a
LOAD /usr/local/Cellar/gcc-arm-none-eabi/20160926/bin/../lib/gcc/arm-none-eabi/5.4.1/../../../../arm-none-eabi/lib/armv7-m/libnosys.a
START GROUP
LOAD /usr/local/Cellar/gcc-arm-none-eabi/20160926/bin/../lib/gcc/arm-none-eabi/5.4.1/armv7-m/libgcc.a
LOAD /usr/local/Cellar/gcc-arm-none-eabi/20160926/bin/../lib/gcc/arm-none-eabi/5.4.1/../../../../arm-none-eabi/lib/armv7-m/libc_nano.a
END GROUP
START GROUP
LOAD /usr/local/Cellar/gcc-arm-none-eabi/20160926/bin/../lib/gcc/arm-none-eabi/5.4.1/armv7-m/libgcc.a
LOAD /usr/local/Cellar/gcc-arm-none-eabi/20160926/bin/../lib/gcc/arm-none-eabi/5.4.1/../../../../arm-none-eabi/lib/armv7-m/libc_nano.a
END GROUP
LOAD /usr/local/Cellar/gcc-arm-none-eabi/20160926/bin/../lib/gcc/arm-none-eabi/5.4.1/armv7-m/crtend.o
LOAD /usr/local/Cellar/gcc-arm-none-eabi/20160926/bin/../lib/gcc/arm-none-eabi/5.4.1/armv7-m/crtn.o
                0x0000000020005000                _estack = 0x20005000
                0x0000000000000200                _Min_Heap_Size = 0x200
                0x0000000000000400                _Min_Stack_Size = 0x400

.isr_vector     0x0000000008000000      0x10c
                0x0000000008000000                . = ALIGN (0x4)
 *(.isr_vector)
 .isr_vector    0x0000000008000000      0x10c build/startup_stm32f10x_md.o
                0x0000000008000000                g_pfnVectors
                0x000000000800010c                . = ALIGN (0x4)

.text           0x0000000008000110     0x6770
                0x0000000008000110                . = ALIGN (0x4)
 *(.text)
 .text          0x0000000008000110       0x5c /usr/local/Cellar/gcc-arm-none-eabi/20160926/bin/../lib/gcc/arm-none-eabi/5.4.1/armv7-m/crtbegin.o
 .text          0x000000000800016c       0x10 /usr/local/Cellar/gcc-arm-none-eabi/20160926/bin/../lib/gcc/arm-none-eabi/5.4.1/../../../../arm-none-eabi/lib/armv7-m/libc_nano.a(lib_a-strlen.o)
                0x000000000800016c                strlen
 .text          0x000000000800017c      0x370 /usr/local/Cellar/gcc-arm-none-eabi/20160926/bin/../lib/gcc/arm-none-eabi/5.4.1/armv7-m/libgcc.a(_arm_addsubdf3.o)
                0x000000000800017c                __aeabi_drsub
                0x0000000008000184                __subdf3
                0x0000000008000184                __aeabi_dsub
                0x0000000008000188                __aeabi_dadd
                0x0000000008000188                __adddf3
                0x0000000008000400                __aeabi_ui2d
                0x0000000008000400                __floatunsidf
                0x0000000008000420                __floatsidf
                0x0000000008000420                __aeabi_i2d
                0x0000000008000444                __extendsfdf2
                0x0000000008000444                __aeabi_f2d
                0x0000000008000480                __aeabi_ul2d
                0x0000000008000480                __floatundidf
                0x0000000008000490                __aeabi_l2d
                0x0000000008000490                __floatdidf
 .text          0x00000000080004ec      0x424 /usr/local/Cellar/gcc-arm-none-eabi/20160926/bin/../lib/gcc/arm-none-eabi/5.4.1/armv7-m/libgcc.a(_arm_muldivdf3.o)
                0x00000000080004ec                __aeabi_dmul
                0x00000000080004ec                __muldf3
                0x0000000008000740                __aeabi_ddiv
                0x0000000008000740                __divdf3
 .text          0x0000000008000910      0x110 /usr/local/Cellar/gcc-arm-none-eabi/20160926/bin/../lib/gcc/arm-none-eabi/5.4.1/armv7-m/libgcc.a(_arm_cmpdf2.o)
                0x0000000008000910                __gedf2
                0x0000000008000910                __gtdf2
                0x0000000008000918                __ledf2
                0x0000000008000918                __ltdf2
                0x0000000008000920                __cmpdf2
                0x0000000008000920                __eqdf2
                0x0000000008000920                __nedf2
                0x000000000800099c                __aeabi_cdrcmple
                0x00000000080009ac                __aeabi_cdcmple
                0x00000000080009ac                __aeabi_cdcmpeq
                0x00000000080009bc                __aeabi_dcmpeq
                0x00000000080009d0                __aeabi_dcmplt
                0x00000000080009e4                __aeabi_dcmple
                0x00000000080009f8                __aeabi_dcmpge
                0x0000000008000a0c                __aeabi_dcmpgt
 .text          0x0000000008000a20       0x2c /usr/local/Cellar/gcc-arm-none-eabi/20160926/bin/../lib/gcc/arm-none-eabi/5.4.1/armv7-m/libgcc.a(_arm_unorddf2.o)
                0x0000000008000a20                __aeabi_dcmpun
                0x0000000008000a20                __unorddf2
 .text          0x0000000008000a4c       0x50 /usr/local/Cellar/gcc-arm-none-eabi/20160926/bin/../lib/gcc/arm-none-eabi/5.4.1/armv7-m/libgcc.a(_arm_fixdfsi.o)
                0x0000000008000a4c                __fixdfsi
                0x0000000008000a4c                __aeabi_d2iz
 .text          0x0000000008000a9c       0x40 /usr/local/Cellar/gcc-arm-none-eabi/20160926/bin/../lib/gcc/arm-none-eabi/5.4.1/armv7-m/libgcc.a(_arm_fixunsdfsi.o)
                0x0000000008000a9c                __fixunsdfsi
                0x0000000008000a9c                __aeabi_d2uiz
 .text          0x0000000008000adc       0xa0 /usr/local/Cellar/gcc-arm-none-eabi/20160926/bin/../lib/gcc/arm-none-eabi/5.4.1/armv7-m/libgcc.a(_arm_truncdfsf2.o)
                0x0000000008000adc                __aeabi_d2f
                0x0000000008000adc                __truncdfsf2
 *(.text*)
 .text.System_Information
                0x0000000008000b7c       0x48 build/main.o
                0x0000000008000b7c                System_Information
 .text.main     0x0000000008000bc4      0x134 build/main.o
                0x0000000008000bc4                main
 .text.NMI_Handler
                0x0000000008000cf8        0x4 build/stm32f10x_it.o
                0x0000000008000cf8                NMI_Handler
 .text.HardFault_Handler
                0x0000000008000cfc        0x4 build/stm32f10x_it.o
                0x0000000008000cfc                HardFault_Handler
 .text.MemManage_Handler
                0x0000000008000d00        0x4 build/stm32f10x_it.o
                0x0000000008000d00                MemManage_Handler
 .text.BusFault_Handler
                0x0000000008000d04        0x4 build/stm32f10x_it.o
                0x0000000008000d04                BusFault_Handler
 .text.UsageFault_Handler
                0x0000000008000d08        0x4 build/stm32f10x_it.o
                0x0000000008000d08                UsageFault_Handler
 .text.SVC_Handler
                0x0000000008000d0c        0x4 build/stm32f10x_it.o
                0x0000000008000d0c                SVC_Handler
 .text.DebugMon_Handler
                0x0000000008000d10        0x4 build/stm32f10x_it.o
                0x0000000008000d10                DebugMon_Handler
 .text.PendSV_Handler
                0x0000000008000d14        0x4 build/stm32f10x_it.o
                0x0000000008000d14                PendSV_Handler
 .text.SysTick_Handler
                0x0000000008000d18        0x8 build/stm32f10x_it.o
                0x0000000008000d18                SysTick_Handler
 .text.WWDG_IRQHandler
                0x0000000008000d20        0x4 build/stm32f10x_it.o
                0x0000000008000d20                WWDG_IRQHandler
 .text.PVD_IRQHandler
                0x0000000008000d24        0x4 build/stm32f10x_it.o
                0x0000000008000d24                PVD_IRQHandler
 .text.TAMPER_IRQHandler
                0x0000000008000d28        0x4 build/stm32f10x_it.o
                0x0000000008000d28                TAMPER_IRQHandler
 .text.RTC_IRQHandler
                0x0000000008000d2c        0x4 build/stm32f10x_it.o
                0x0000000008000d2c                RTC_IRQHandler
 .text.FLASH_IRQHandler
                0x0000000008000d30        0x4 build/stm32f10x_it.o
                0x0000000008000d30                FLASH_IRQHandler
 .text.RCC_IRQHandler
                0x0000000008000d34        0x4 build/stm32f10x_it.o
                0x0000000008000d34                RCC_IRQHandler
 .text.EXTI0_IRQHandler
                0x0000000008000d38        0x4 build/stm32f10x_it.o
                0x0000000008000d38                EXTI0_IRQHandler
 .text.EXTI1_IRQHandler
                0x0000000008000d3c        0x4 build/stm32f10x_it.o
                0x0000000008000d3c                EXTI1_IRQHandler
 .text.EXTI2_IRQHandler
                0x0000000008000d40        0x4 build/stm32f10x_it.o
                0x0000000008000d40                EXTI2_IRQHandler
 .text.EXTI3_IRQHandler
                0x0000000008000d44        0x4 build/stm32f10x_it.o
                0x0000000008000d44                EXTI3_IRQHandler
 .text.EXTI4_IRQHandler
                0x0000000008000d48        0x4 build/stm32f10x_it.o
                0x0000000008000d48                EXTI4_IRQHandler
 .text.DMA1_Channel1_IRQHandler
                0x0000000008000d4c        0x4 build/stm32f10x_it.o
                0x0000000008000d4c                DMA1_Channel1_IRQHandler
 .text.DMA1_Channel2_IRQHandler
                0x0000000008000d50        0x4 build/stm32f10x_it.o
                0x0000000008000d50                DMA1_Channel2_IRQHandler
 .text.DMA1_Channel3_IRQHandler
                0x0000000008000d54        0x4 build/stm32f10x_it.o
                0x0000000008000d54                DMA1_Channel3_IRQHandler
 .text.DMA1_Channel4_IRQHandler
                0x0000000008000d58        0x4 build/stm32f10x_it.o
                0x0000000008000d58                DMA1_Channel4_IRQHandler
 .text.DMA1_Channel5_IRQHandler
                0x0000000008000d5c        0x4 build/stm32f10x_it.o
                0x0000000008000d5c                DMA1_Channel5_IRQHandler
 .text.DMA1_Channel6_IRQHandler
                0x0000000008000d60        0x4 build/stm32f10x_it.o
                0x0000000008000d60                DMA1_Channel6_IRQHandler
 .text.DMA1_Channel7_IRQHandler
                0x0000000008000d64        0x4 build/stm32f10x_it.o
                0x0000000008000d64                DMA1_Channel7_IRQHandler
 .text.ADC1_2_IRQHandler
                0x0000000008000d68        0x4 build/stm32f10x_it.o
                0x0000000008000d68                ADC1_2_IRQHandler
 .text.USB_HP_CAN1_TX_IRQHandler
                0x0000000008000d6c        0x4 build/stm32f10x_it.o
                0x0000000008000d6c                USB_HP_CAN1_TX_IRQHandler
 .text.USB_LP_CAN1_RX0_IRQHandler
                0x0000000008000d70        0x4 build/stm32f10x_it.o
                0x0000000008000d70                USB_LP_CAN1_RX0_IRQHandler
 .text.CAN1_RX1_IRQHandler
                0x0000000008000d74        0x4 build/stm32f10x_it.o
                0x0000000008000d74                CAN1_RX1_IRQHandler
 .text.CAN1_SCE_IRQHandler
                0x0000000008000d78        0x4 build/stm32f10x_it.o
                0x0000000008000d78                CAN1_SCE_IRQHandler
 .text.EXTI9_5_IRQHandler
                0x0000000008000d7c        0x4 build/stm32f10x_it.o
                0x0000000008000d7c                EXTI9_5_IRQHandler
 .text.TIM1_BRK_IRQHandler
                0x0000000008000d80        0x4 build/stm32f10x_it.o
                0x0000000008000d80                TIM1_BRK_IRQHandler
 .text.TIM1_UP_IRQHandler
                0x0000000008000d84        0x4 build/stm32f10x_it.o
                0x0000000008000d84                TIM1_UP_IRQHandler
 .text.TIM1_TRG_COM_IRQHandler
                0x0000000008000d88        0x4 build/stm32f10x_it.o
                0x0000000008000d88                TIM1_TRG_COM_IRQHandler
 .text.TIM1_CC_IRQHandler
                0x0000000008000d8c        0x4 build/stm32f10x_it.o
                0x0000000008000d8c                TIM1_CC_IRQHandler
 .text.TIM2_IRQHandler
                0x0000000008000d90        0x4 build/stm32f10x_it.o
                0x0000000008000d90                TIM2_IRQHandler
 .text.TIM3_IRQHandler
                0x0000000008000d94        0x4 build/stm32f10x_it.o
                0x0000000008000d94                TIM3_IRQHandler
 .text.TIM4_IRQHandler
                0x0000000008000d98        0x4 build/stm32f10x_it.o
                0x0000000008000d98                TIM4_IRQHandler
 .text.I2C1_EV_IRQHandler
                0x0000000008000d9c        0x4 build/stm32f10x_it.o
                0x0000000008000d9c                I2C1_EV_IRQHandler
 .text.I2C1_ER_IRQHandler
                0x0000000008000da0        0x4 build/stm32f10x_it.o
                0x0000000008000da0                I2C1_ER_IRQHandler
 .text.I2C2_EV_IRQHandler
                0x0000000008000da4        0x4 build/stm32f10x_it.o
                0x0000000008000da4                I2C2_EV_IRQHandler
 .text.I2C2_ER_IRQHandler
                0x0000000008000da8        0x4 build/stm32f10x_it.o
                0x0000000008000da8                I2C2_ER_IRQHandler
 .text.SPI1_IRQHandler
                0x0000000008000dac        0x4 build/stm32f10x_it.o
                0x0000000008000dac                SPI1_IRQHandler
 .text.SPI2_IRQHandler
                0x0000000008000db0        0x4 build/stm32f10x_it.o
                0x0000000008000db0                SPI2_IRQHandler
 .text.USART1_IRQHandler
                0x0000000008000db4        0x4 build/stm32f10x_it.o
                0x0000000008000db4                USART1_IRQHandler
 .text.USART2_IRQHandler
                0x0000000008000db8        0x4 build/stm32f10x_it.o
                0x0000000008000db8                USART2_IRQHandler
 .text.USART3_IRQHandler
                0x0000000008000dbc        0x4 build/stm32f10x_it.o
                0x0000000008000dbc                USART3_IRQHandler
 .text.EXTI15_10_IRQHandler
                0x0000000008000dc0        0x4 build/stm32f10x_it.o
                0x0000000008000dc0                EXTI15_10_IRQHandler
 .text.RTCAlarm_IRQHandler
                0x0000000008000dc4        0x4 build/stm32f10x_it.o
                0x0000000008000dc4                RTCAlarm_IRQHandler
 .text.USBWakeUp_IRQHandler
                0x0000000008000dc8        0x4 build/stm32f10x_it.o
                0x0000000008000dc8                USBWakeUp_IRQHandler
 .text.USART1_Init
                0x0000000008000dcc       0x3c build/hw_config.o
                0x0000000008000dcc                USART1_Init
 .text.RCC_Configuration
                0x0000000008000e08       0x44 build/hw_config.o
                0x0000000008000e08                RCC_Configuration
 .text.NVIC_Configuration
                0x0000000008000e4c       0x50 build/hw_config.o
                0x0000000008000e4c                NVIC_Configuration
 .text.GPIO_Configuration
                0x0000000008000e9c       0x90 build/hw_config.o
                0x0000000008000e9c                GPIO_Configuration
 .text.EXTI_Configuration
                0x0000000008000f2c       0x68 build/hw_config.o
                0x0000000008000f2c                EXTI_Configuration
 .text.Delay    0x0000000008000f94       0x1c build/hw_config.o
                0x0000000008000f94                Delay
 .text.delay_1_second
                0x0000000008000fb0        0xc build/hw_config.o
                0x0000000008000fb0                delay_1_second
 .text.delay_100_milli_second
                0x0000000008000fbc        0xc build/hw_config.o
                0x0000000008000fbc                delay_100_milli_second
 .text.TimingDelay_Decrement
                0x0000000008000fc8       0x14 build/hw_config.o
                0x0000000008000fc8                TimingDelay_Decrement
 .text.USART_GetCharacter
                0x0000000008000fdc       0x38 build/hw_config.o
                0x0000000008000fdc                USART_GetCharacter
 .text.assert_failed
                0x0000000008001014       0x14 build/debug.o
                0x0000000008001014                assert_failed
 .text.KEY_Test
                0x0000000008001028       0x54 build/key.o
                0x0000000008001028                KEY_Test
 .text.LED_On_Red
                0x000000000800107c       0x14 build/led.o
                0x000000000800107c                LED_On_Red
 .text.LED_Off_Red
                0x0000000008001090       0x14 build/led.o
                0x0000000008001090                LED_Off_Red
 .text.LED_On_Yellow
                0x00000000080010a4       0x10 build/led.o
                0x00000000080010a4                LED_On_Yellow
 .text.LED_Off_Yellow
                0x00000000080010b4       0x10 build/led.o
                0x00000000080010b4                LED_Off_Yellow
 .text.LED_On_Blue
                0x00000000080010c4       0x14 build/led.o
                0x00000000080010c4                LED_On_Blue
 .text.LED_Off_Blue
                0x00000000080010d8       0x14 build/led.o
                0x00000000080010d8                LED_Off_Blue
 .text.LED_On_All
                0x00000000080010ec       0x10 build/led.o
                0x00000000080010ec                LED_On_All
 .text.LED_Off_All
                0x00000000080010fc       0x10 build/led.o
                0x00000000080010fc                LED_Off_All
 .text.LED_OnOffAll_Mult
                0x000000000800110c       0x40 build/led.o
                0x000000000800110c                LED_OnOffAll_Mult
 .text.LED_Test
                0x000000000800114c       0x1c build/led.o
                0x000000000800114c                LED_Test
 .text.PowerOn_7_SEG
                0x0000000008001168       0x10 build/seven_segment.o
                0x0000000008001168                PowerOn_7_SEG
 .text.On_7_SEG_OnePin
                0x0000000008001178       0x10 build/seven_segment.o
                0x0000000008001178                On_7_SEG_OnePin
 .text.Off_7_SEG_OnePin
                0x0000000008001188       0x10 build/seven_segment.o
                0x0000000008001188                Off_7_SEG_OnePin
 .text.Off_7_SEG_AllPin
                0x0000000008001198        0xc build/seven_segment.o
                0x0000000008001198                Off_7_SEG_AllPin
 .text.OutPut_7_SEG_Number
                0x00000000080011a4       0x6c build/seven_segment.o
                0x00000000080011a4                OutPut_7_SEG_Number
 .text.Seven_Segment_Test
                0x0000000008001210       0xb0 build/seven_segment.o
                0x0000000008001210                Seven_Segment_Test
 .text._write   0x00000000080012c0       0x2c build/syscalls.o
                0x00000000080012c0                _write
 .text.I2C_Master_BufferRead
                0x00000000080012ec      0x2e8 build/I2CRoutines.o
                0x00000000080012ec                I2C_Master_BufferRead
 .text.I2C_Master_BufferWrite
                0x00000000080015d4      0x134 build/I2CRoutines.o
                0x00000000080015d4                I2C_Master_BufferWrite
 .text.Read_1_Byte
                0x0000000008001708       0x38 build/BMA280.o
 .text.Get_ChipID
                0x0000000008001740        0xc build/BMA280.o
 .text.Read_3_Axis_BMA280_Data
                0x000000000800174c       0x74 build/BMA280.o
                0x000000000800174c                Read_3_Axis_BMA280_Data
 .text.Test_3AXIS_BMA280
                0x00000000080017c0       0x88 build/BMA280.o
                0x00000000080017c0                Test_3AXIS_BMA280
 .text.NVIC_PriorityGroupConfig
                0x0000000008001848       0x40 build/misc.o
                0x0000000008001848                NVIC_PriorityGroupConfig
 .text.NVIC_Init
                0x0000000008001888       0x98 build/misc.o
                0x0000000008001888                NVIC_Init
 .text.NVIC_SetVectorTable
                0x0000000008001920       0x44 build/misc.o
                0x0000000008001920                NVIC_SetVectorTable
 .text.EXTI_Init
                0x0000000008001964       0xd8 build/stm32f10x_exti.o
                0x0000000008001964                EXTI_Init
 .text.EXTI_ClearITPendingBit
                0x0000000008001a3c       0x24 build/stm32f10x_exti.o
                0x0000000008001a3c                EXTI_ClearITPendingBit
 .text.GPIO_Init
                0x0000000008001a60      0x128 build/stm32f10x_gpio.o
                0x0000000008001a60                GPIO_Init
 .text.GPIO_ReadInputDataBit
                0x0000000008001b88       0xb8 build/stm32f10x_gpio.o
                0x0000000008001b88                GPIO_ReadInputDataBit
 .text.GPIO_SetBits
                0x0000000008001c40       0x60 build/stm32f10x_gpio.o
                0x0000000008001c40                GPIO_SetBits
 .text.GPIO_ResetBits
                0x0000000008001ca0       0x60 build/stm32f10x_gpio.o
                0x0000000008001ca0                GPIO_ResetBits
 .text.GPIO_EXTILineConfig
                0x0000000008001d00       0x58 build/stm32f10x_gpio.o
                0x0000000008001d00                GPIO_EXTILineConfig
 .text.I2C_GenerateSTOP
                0x0000000008001d58       0x50 build/stm32f10x_i2c.o
                0x0000000008001d58                I2C_GenerateSTOP
 .text.RCC_GetClocksFreq
                0x0000000008001da8       0xc4 build/stm32f10x_rcc.o
                0x0000000008001da8                RCC_GetClocksFreq
 .text.RCC_AHBPeriphClockCmd
                0x0000000008001e6c       0x4c build/stm32f10x_rcc.o
                0x0000000008001e6c                RCC_AHBPeriphClockCmd
 .text.RCC_APB2PeriphClockCmd
                0x0000000008001eb8       0x4c build/stm32f10x_rcc.o
                0x0000000008001eb8                RCC_APB2PeriphClockCmd
 .text.USART_Init
                0x0000000008001f04      0x174 build/stm32f10x_usart.o
                0x0000000008001f04                USART_Init
 .text.USART_Cmd
                0x0000000008002078       0x68 build/stm32f10x_usart.o
                0x0000000008002078                USART_Cmd
 .text.USART_SendData
                0x00000000080020e0       0x58 build/stm32f10x_usart.o
                0x00000000080020e0                USART_SendData
 .text.USART_ReceiveData
                0x0000000008002138       0x44 build/stm32f10x_usart.o
                0x0000000008002138                USART_ReceiveData
 .text.USART_GetFlagStatus
                0x000000000800217c       0xa8 build/stm32f10x_usart.o
                0x000000000800217c                USART_GetFlagStatus
 .text.SetSysClockTo72
                0x0000000008002224       0xd0 build/system_stm32f10x.o
 .text.SetSysClock
                0x00000000080022f4        0x8 build/system_stm32f10x.o
 .text.SystemInit
                0x00000000080022fc       0x44 build/system_stm32f10x.o
                0x00000000080022fc                SystemInit
 .text.Reset_Handler
                0x0000000008002340       0x40 build/startup_stm32f10x_md.o
                0x0000000008002340                Reset_Handler
 .text.memset   0x0000000008002380       0x10 /usr/local/Cellar/gcc-arm-none-eabi/20160926/bin/../lib/gcc/arm-none-eabi/5.4.1/../../../../arm-none-eabi/lib/armv7-m/libc_nano.a(lib_a-memset.o)
                0x0000000008002380                memset
 .text.__cvt    0x0000000008002390       0xc0 /usr/local/Cellar/gcc-arm-none-eabi/20160926/bin/../lib/gcc/arm-none-eabi/5.4.1/../../../../arm-none-eabi/lib/armv7-m/libc_nano.a(lib_a-nano-vfprintf_float.o)
                0x0000000008002390                __cvt
 .text.__exponent
                0x0000000008002450       0x62 /usr/local/Cellar/gcc-arm-none-eabi/20160926/bin/../lib/gcc/arm-none-eabi/5.4.1/../../../../arm-none-eabi/lib/armv7-m/libc_nano.a(lib_a-nano-vfprintf_float.o)
                0x0000000008002450                __exponent
 *fill*         0x00000000080024b2        0x2 
 .text._printf_float
                0x00000000080024b4      0x488 /usr/local/Cellar/gcc-arm-none-eabi/20160926/bin/../lib/gcc/arm-none-eabi/5.4.1/../../../../arm-none-eabi/lib/armv7-m/libc_nano.a(lib_a-nano-vfprintf_float.o)
                0x00000000080024b4                _printf_float
 .text._printf_common
                0x000000000800293c       0xec /usr/local/Cellar/gcc-arm-none-eabi/20160926/bin/../lib/gcc/arm-none-eabi/5.4.1/../../../../arm-none-eabi/lib/armv7-m/libc_nano.a(lib_a-nano-vfprintf_i.o)
                0x000000000800293c                _printf_common
 .text._printf_i
                0x0000000008002a28      0x24c /usr/local/Cellar/gcc-arm-none-eabi/20160926/bin/../lib/gcc/arm-none-eabi/5.4.1/../../../../arm-none-eabi/lib/armv7-m/libc_nano.a(lib_a-nano-vfprintf_i.o)
                0x0000000008002a28                _printf_i
 .text._scanf_float
                0x0000000008002c74      0x3bc /usr/local/Cellar/gcc-arm-none-eabi/20160926/bin/../lib/gcc/arm-none-eabi/5.4.1/../../../../arm-none-eabi/lib/armv7-m/libc_nano.a(lib_a-nano-vfscanf_float.o)
                0x0000000008002c74                _scanf_float
 .text.printf   0x0000000008003030       0x30 /usr/local/Cellar/gcc-arm-none-eabi/20160926/bin/../lib/gcc/arm-none-eabi/5.4.1/../../../../arm-none-eabi/lib/armv7-m/libc_nano.a(lib_a-printf.o)
                0x0000000008003030                printf
                0x0000000008003030                iprintf
 .text._puts_r  0x0000000008003060       0xb4 /usr/local/Cellar/gcc-arm-none-eabi/20160926/bin/../lib/gcc/arm-none-eabi/5.4.1/../../../../arm-none-eabi/lib/armv7-m/libc_nano.a(lib_a-puts.o)
                0x0000000008003060                _puts_r
 .text.puts     0x0000000008003114       0x10 /usr/local/Cellar/gcc-arm-none-eabi/20160926/bin/../lib/gcc/arm-none-eabi/5.4.1/../../../../arm-none-eabi/lib/armv7-m/libc_nano.a(lib_a-puts.o)
                0x0000000008003114                puts
 .text.nanf     0x0000000008003124        0x8 /usr/local/Cellar/gcc-arm-none-eabi/20160926/bin/../lib/gcc/arm-none-eabi/5.4.1/../../../../arm-none-eabi/lib/armv7-m/libc_nano.a(lib_a-sf_nan.o)
                0x0000000008003124                nanf
 .text.sprintf  0x000000000800312c       0x48 /usr/local/Cellar/gcc-arm-none-eabi/20160926/bin/../lib/gcc/arm-none-eabi/5.4.1/../../../../arm-none-eabi/lib/armv7-m/libc_nano.a(lib_a-sprintf.o)
                0x000000000800312c                sprintf
                0x000000000800312c                siprintf
 .text.unlikely.sulp
                0x0000000008003174       0x42 /usr/local/Cellar/gcc-arm-none-eabi/20160926/bin/../lib/gcc/arm-none-eabi/5.4.1/../../../../arm-none-eabi/lib/armv7-m/libc_nano.a(lib_a-strtod.o)
 *fill*         0x00000000080031b6        0x2 
 .text._strtod_l
                0x00000000080031b8      0xbe8 /usr/local/Cellar/gcc-arm-none-eabi/20160926/bin/../lib/gcc/arm-none-eabi/5.4.1/../../../../arm-none-eabi/lib/armv7-m/libc_nano.a(lib_a-strtod.o)
                0x00000000080031b8                _strtod_l
 .text._strtod_r
                0x0000000008003da0       0x20 /usr/local/Cellar/gcc-arm-none-eabi/20160926/bin/../lib/gcc/arm-none-eabi/5.4.1/../../../../arm-none-eabi/lib/armv7-m/libc_nano.a(lib_a-strtod.o)
                0x0000000008003da0                _strtod_r
 .text._strtol_l.isra.0
                0x0000000008003dc0      0x110 /usr/local/Cellar/gcc-arm-none-eabi/20160926/bin/../lib/gcc/arm-none-eabi/5.4.1/../../../../arm-none-eabi/lib/armv7-m/libc_nano.a(lib_a-strtol.o)
 .text._strtol_r
                0x0000000008003ed0       0x24 /usr/local/Cellar/gcc-arm-none-eabi/20160926/bin/../lib/gcc/arm-none-eabi/5.4.1/../../../../arm-none-eabi/lib/armv7-m/libc_nano.a(lib_a-strtol.o)
                0x0000000008003ed0                _strtol_r
 .text.__swbuf_r
                0x0000000008003ef4       0xa8 /usr/local/Cellar/gcc-arm-none-eabi/20160926/bin/../lib/gcc/arm-none-eabi/5.4.1/../../../../arm-none-eabi/lib/armv7-m/libc_nano.a(lib_a-wbuf.o)
                0x0000000008003ef4                __swbuf_r
 .text.__swsetup_r
                0x0000000008003f9c       0xdc /usr/local/Cellar/gcc-arm-none-eabi/20160926/bin/../lib/gcc/arm-none-eabi/5.4.1/../../../../arm-none-eabi/lib/armv7-m/libc_nano.a(lib_a-wsetup.o)
                0x0000000008003f9c                __swsetup_r
 .text.quorem   0x0000000008004078      0x116 /usr/local/Cellar/gcc-arm-none-eabi/20160926/bin/../lib/gcc/arm-none-eabi/5.4.1/../../../../arm-none-eabi/lib/armv7-m/libc_nano.a(lib_a-dtoa.o)
 *fill*         0x000000000800418e        0x2 
 .text._dtoa_r  0x0000000008004190      0xb30 /usr/local/Cellar/gcc-arm-none-eabi/20160926/bin/../lib/gcc/arm-none-eabi/5.4.1/../../../../arm-none-eabi/lib/armv7-m/libc_nano.a(lib_a-dtoa.o)
                0x0000000008004190                _dtoa_r
 .text.__sflush_r
                0x0000000008004cc0      0x10c /usr/local/Cellar/gcc-arm-none-eabi/20160926/bin/../lib/gcc/arm-none-eabi/5.4.1/../../../../arm-none-eabi/lib/armv7-m/libc_nano.a(lib_a-fflush.o)
                0x0000000008004cc0                __sflush_r
 .text._fflush_r
                0x0000000008004dcc       0x54 /usr/local/Cellar/gcc-arm-none-eabi/20160926/bin/../lib/gcc/arm-none-eabi/5.4.1/../../../../arm-none-eabi/lib/armv7-m/libc_nano.a(lib_a-fflush.o)
                0x0000000008004dcc                _fflush_r
 .text._cleanup_r
                0x0000000008004e20        0xc /usr/local/Cellar/gcc-arm-none-eabi/20160926/bin/../lib/gcc/arm-none-eabi/5.4.1/../../../../arm-none-eabi/lib/armv7-m/libc_nano.a(lib_a-findfp.o)
                0x0000000008004e20                _cleanup_r
 .text.std.isra.0
                0x0000000008004e2c       0x48 /usr/local/Cellar/gcc-arm-none-eabi/20160926/bin/../lib/gcc/arm-none-eabi/5.4.1/../../../../arm-none-eabi/lib/armv7-m/libc_nano.a(lib_a-findfp.o)
 .text.__sfmoreglue
                0x0000000008004e74       0x2c /usr/local/Cellar/gcc-arm-none-eabi/20160926/bin/../lib/gcc/arm-none-eabi/5.4.1/../../../../arm-none-eabi/lib/armv7-m/libc_nano.a(lib_a-findfp.o)
                0x0000000008004e74                __sfmoreglue
 .text.__sinit  0x0000000008004ea0       0x60 /usr/local/Cellar/gcc-arm-none-eabi/20160926/bin/../lib/gcc/arm-none-eabi/5.4.1/../../../../arm-none-eabi/lib/armv7-m/libc_nano.a(lib_a-findfp.o)
                0x0000000008004ea0                __sinit
 .text.__sfp    0x0000000008004f00       0x78 /usr/local/Cellar/gcc-arm-none-eabi/20160926/bin/../lib/gcc/arm-none-eabi/5.4.1/../../../../arm-none-eabi/lib/armv7-m/libc_nano.a(lib_a-findfp.o)
                0x0000000008004f00                __sfp
 .text._fwalk_reent
                0x0000000008004f78       0x3c /usr/local/Cellar/gcc-arm-none-eabi/20160926/bin/../lib/gcc/arm-none-eabi/5.4.1/../../../../arm-none-eabi/lib/armv7-m/libc_nano.a(lib_a-fwalk.o)
                0x0000000008004f78                _fwalk_reent
 .text.rshift   0x0000000008004fb4       0x6c /usr/local/Cellar/gcc-arm-none-eabi/20160926/bin/../lib/gcc/arm-none-eabi/5.4.1/../../../../arm-none-eabi/lib/armv7-m/libc_nano.a(lib_a-gdtoa-gethex.o)
 .text.__hexdig_fun
                0x0000000008005020       0x2a /usr/local/Cellar/gcc-arm-none-eabi/20160926/bin/../lib/gcc/arm-none-eabi/5.4.1/../../../../arm-none-eabi/lib/armv7-m/libc_nano.a(lib_a-gdtoa-gethex.o)
                0x0000000008005020                __hexdig_fun
 .text.__gethex
                0x000000000800504a      0x440 /usr/local/Cellar/gcc-arm-none-eabi/20160926/bin/../lib/gcc/arm-none-eabi/5.4.1/../../../../arm-none-eabi/lib/armv7-m/libc_nano.a(lib_a-gdtoa-gethex.o)
                0x000000000800504a                __gethex
 .text.L_shift  0x000000000800548a       0x24 /usr/local/Cellar/gcc-arm-none-eabi/20160926/bin/../lib/gcc/arm-none-eabi/5.4.1/../../../../arm-none-eabi/lib/armv7-m/libc_nano.a(lib_a-gdtoa-hexnan.o)
 .text.__match  0x00000000080054ae       0x26 /usr/local/Cellar/gcc-arm-none-eabi/20160926/bin/../lib/gcc/arm-none-eabi/5.4.1/../../../../arm-none-eabi/lib/armv7-m/libc_nano.a(lib_a-gdtoa-hexnan.o)
                0x00000000080054ae                __match
 .text.__hexnan
                0x00000000080054d4      0x11c /usr/local/Cellar/gcc-arm-none-eabi/20160926/bin/../lib/gcc/arm-none-eabi/5.4.1/../../../../arm-none-eabi/lib/armv7-m/libc_nano.a(lib_a-gdtoa-hexnan.o)
                0x00000000080054d4                __hexnan
 .text.__locale_ctype_ptr_l
                0x00000000080055f0        0x6 /usr/local/Cellar/gcc-arm-none-eabi/20160926/bin/../lib/gcc/arm-none-eabi/5.4.1/../../../../arm-none-eabi/lib/armv7-m/libc_nano.a(lib_a-locale.o)
                0x00000000080055f0                __locale_ctype_ptr_l
 .text.__localeconv_l
                0x00000000080055f6        0x4 /usr/local/Cellar/gcc-arm-none-eabi/20160926/bin/../lib/gcc/arm-none-eabi/5.4.1/../../../../arm-none-eabi/lib/armv7-m/libc_nano.a(lib_a-localeconv.o)
                0x00000000080055f6                __localeconv_l
 *fill*         0x00000000080055fa        0x2 
 .text._localeconv_r
                0x00000000080055fc       0x1c /usr/local/Cellar/gcc-arm-none-eabi/20160926/bin/../lib/gcc/arm-none-eabi/5.4.1/../../../../arm-none-eabi/lib/armv7-m/libc_nano.a(lib_a-localeconv.o)
                0x00000000080055fc                _localeconv_r
 .text.__swhatbuf_r
                0x0000000008005618       0x46 /usr/local/Cellar/gcc-arm-none-eabi/20160926/bin/../lib/gcc/arm-none-eabi/5.4.1/../../../../arm-none-eabi/lib/armv7-m/libc_nano.a(lib_a-makebuf.o)
                0x0000000008005618                __swhatbuf_r
 *fill*         0x000000000800565e        0x2 
 .text.__smakebuf_r
                0x0000000008005660       0x78 /usr/local/Cellar/gcc-arm-none-eabi/20160926/bin/../lib/gcc/arm-none-eabi/5.4.1/../../../../arm-none-eabi/lib/armv7-m/libc_nano.a(lib_a-makebuf.o)
                0x0000000008005660                __smakebuf_r
 .text.malloc   0x00000000080056d8       0x10 /usr/local/Cellar/gcc-arm-none-eabi/20160926/bin/../lib/gcc/arm-none-eabi/5.4.1/../../../../arm-none-eabi/lib/armv7-m/libc_nano.a(lib_a-malloc.o)
                0x00000000080056d8                malloc
 .text.__ascii_mbtowc
                0x00000000080056e8       0x24 /usr/local/Cellar/gcc-arm-none-eabi/20160926/bin/../lib/gcc/arm-none-eabi/5.4.1/../../../../arm-none-eabi/lib/armv7-m/libc_nano.a(lib_a-mbtowc_r.o)
                0x00000000080056e8                __ascii_mbtowc
 .text.memchr   0x000000000800570c       0x1c /usr/local/Cellar/gcc-arm-none-eabi/20160926/bin/../lib/gcc/arm-none-eabi/5.4.1/../../../../arm-none-eabi/lib/armv7-m/libc_nano.a(lib_a-memchr-stub.o)
                0x000000000800570c                memchr
 .text.memcpy   0x0000000008005728       0x16 /usr/local/Cellar/gcc-arm-none-eabi/20160926/bin/../lib/gcc/arm-none-eabi/5.4.1/../../../../arm-none-eabi/lib/armv7-m/libc_nano.a(lib_a-memcpy-stub.o)
                0x0000000008005728                memcpy
 .text._Balloc  0x000000000800573e       0x6a /usr/local/Cellar/gcc-arm-none-eabi/20160926/bin/../lib/gcc/arm-none-eabi/5.4.1/../../../../arm-none-eabi/lib/armv7-m/libc_nano.a(lib_a-mprec.o)
                0x000000000800573e                _Balloc
 .text._Bfree   0x00000000080057a8       0x2e /usr/local/Cellar/gcc-arm-none-eabi/20160926/bin/../lib/gcc/arm-none-eabi/5.4.1/../../../../arm-none-eabi/lib/armv7-m/libc_nano.a(lib_a-mprec.o)
                0x00000000080057a8                _Bfree
 .text.__multadd
                0x00000000080057d6       0x76 /usr/local/Cellar/gcc-arm-none-eabi/20160926/bin/../lib/gcc/arm-none-eabi/5.4.1/../../../../arm-none-eabi/lib/armv7-m/libc_nano.a(lib_a-mprec.o)
                0x00000000080057d6                __multadd
 .text.__s2b    0x000000000800584c       0x7c /usr/local/Cellar/gcc-arm-none-eabi/20160926/bin/../lib/gcc/arm-none-eabi/5.4.1/../../../../arm-none-eabi/lib/armv7-m/libc_nano.a(lib_a-mprec.o)
                0x000000000800584c                __s2b
 .text.__hi0bits
                0x00000000080058c8       0x40 /usr/local/Cellar/gcc-arm-none-eabi/20160926/bin/../lib/gcc/arm-none-eabi/5.4.1/../../../../arm-none-eabi/lib/armv7-m/libc_nano.a(lib_a-mprec.o)
                0x00000000080058c8                __hi0bits
 .text.__lo0bits
                0x0000000008005908       0x5a /usr/local/Cellar/gcc-arm-none-eabi/20160926/bin/../lib/gcc/arm-none-eabi/5.4.1/../../../../arm-none-eabi/lib/armv7-m/libc_nano.a(lib_a-mprec.o)
                0x0000000008005908                __lo0bits
 .text.__i2b    0x0000000008005962       0x12 /usr/local/Cellar/gcc-arm-none-eabi/20160926/bin/../lib/gcc/arm-none-eabi/5.4.1/../../../../arm-none-eabi/lib/armv7-m/libc_nano.a(lib_a-mprec.o)
                0x0000000008005962                __i2b
 .text.__multiply
                0x0000000008005974      0x120 /usr/local/Cellar/gcc-arm-none-eabi/20160926/bin/../lib/gcc/arm-none-eabi/5.4.1/../../../../arm-none-eabi/lib/armv7-m/libc_nano.a(lib_a-mprec.o)
                0x0000000008005974                __multiply
 .text.__pow5mult
                0x0000000008005a94       0x9c /usr/local/Cellar/gcc-arm-none-eabi/20160926/bin/../lib/gcc/arm-none-eabi/5.4.1/../../../../arm-none-eabi/lib/armv7-m/libc_nano.a(lib_a-mprec.o)
                0x0000000008005a94                __pow5mult
 .text.__lshift
                0x0000000008005b30       0xa2 /usr/local/Cellar/gcc-arm-none-eabi/20160926/bin/../lib/gcc/arm-none-eabi/5.4.1/../../../../arm-none-eabi/lib/armv7-m/libc_nano.a(lib_a-mprec.o)
                0x0000000008005b30                __lshift
 .text.__mcmp   0x0000000008005bd2       0x38 /usr/local/Cellar/gcc-arm-none-eabi/20160926/bin/../lib/gcc/arm-none-eabi/5.4.1/../../../../arm-none-eabi/lib/armv7-m/libc_nano.a(lib_a-mprec.o)
                0x0000000008005bd2                __mcmp
 .text.__mdiff  0x0000000008005c0a       0xbe /usr/local/Cellar/gcc-arm-none-eabi/20160926/bin/../lib/gcc/arm-none-eabi/5.4.1/../../../../arm-none-eabi/lib/armv7-m/libc_nano.a(lib_a-mprec.o)
                0x0000000008005c0a                __mdiff
 .text.__ulp    0x0000000008005cc8       0x48 /usr/local/Cellar/gcc-arm-none-eabi/20160926/bin/../lib/gcc/arm-none-eabi/5.4.1/../../../../arm-none-eabi/lib/armv7-m/libc_nano.a(lib_a-mprec.o)
                0x0000000008005cc8                __ulp
 .text.__b2d    0x0000000008005d10       0x9a /usr/local/Cellar/gcc-arm-none-eabi/20160926/bin/../lib/gcc/arm-none-eabi/5.4.1/../../../../arm-none-eabi/lib/armv7-m/libc_nano.a(lib_a-mprec.o)
                0x0000000008005d10                __b2d
 .text.__d2b    0x0000000008005daa       0x9c /usr/local/Cellar/gcc-arm-none-eabi/20160926/bin/../lib/gcc/arm-none-eabi/5.4.1/../../../../arm-none-eabi/lib/armv7-m/libc_nano.a(lib_a-mprec.o)
                0x0000000008005daa                __d2b
 .text.__ratio  0x0000000008005e46       0x50 /usr/local/Cellar/gcc-arm-none-eabi/20160926/bin/../lib/gcc/arm-none-eabi/5.4.1/../../../../arm-none-eabi/lib/armv7-m/libc_nano.a(lib_a-mprec.o)
                0x0000000008005e46                __ratio
 .text.__copybits
                0x0000000008005e96       0x34 /usr/local/Cellar/gcc-arm-none-eabi/20160926/bin/../lib/gcc/arm-none-eabi/5.4.1/../../../../arm-none-eabi/lib/armv7-m/libc_nano.a(lib_a-mprec.o)
                0x0000000008005e96                __copybits
 .text.__any_on
                0x0000000008005eca       0x44 /usr/local/Cellar/gcc-arm-none-eabi/20160926/bin/../lib/gcc/arm-none-eabi/5.4.1/../../../../arm-none-eabi/lib/armv7-m/libc_nano.a(lib_a-mprec.o)
                0x0000000008005eca                __any_on
 .text._calloc_r
                0x0000000008005f0e       0x1c /usr/local/Cellar/gcc-arm-none-eabi/20160926/bin/../lib/gcc/arm-none-eabi/5.4.1/../../../../arm-none-eabi/lib/armv7-m/libc_nano.a(lib_a-nano-callocr.o)
                0x0000000008005f0e                _calloc_r
 *fill*         0x0000000008005f2a        0x2 
 .text._free_r  0x0000000008005f2c       0x98 /usr/local/Cellar/gcc-arm-none-eabi/20160926/bin/../lib/gcc/arm-none-eabi/5.4.1/../../../../arm-none-eabi/lib/armv7-m/libc_nano.a(lib_a-nano-freer.o)
                0x0000000008005f2c                _free_r
 .text._malloc_r
                0x0000000008005fc4       0xbc /usr/local/Cellar/gcc-arm-none-eabi/20160926/bin/../lib/gcc/arm-none-eabi/5.4.1/../../../../arm-none-eabi/lib/armv7-m/libc_nano.a(lib_a-nano-mallocr.o)
                0x0000000008005fc4                _malloc_r
 .text.__ssputs_r
                0x0000000008006080       0xb2 /usr/local/Cellar/gcc-arm-none-eabi/20160926/bin/../lib/gcc/arm-none-eabi/5.4.1/../../../../arm-none-eabi/lib/armv7-m/libc_nano.a(lib_a-nano-svfprintf.o)
                0x0000000008006080                __ssputs_r
 *fill*         0x0000000008006132        0x2 
 .text._svfprintf_r
                0x0000000008006134      0x1e8 /usr/local/Cellar/gcc-arm-none-eabi/20160926/bin/../lib/gcc/arm-none-eabi/5.4.1/../../../../arm-none-eabi/lib/armv7-m/libc_nano.a(lib_a-nano-svfprintf.o)
                0x0000000008006134                _svfprintf_r
                0x0000000008006134                _svfiprintf_r
 .text.__sfputc_r
                0x000000000800631c       0x2c /usr/local/Cellar/gcc-arm-none-eabi/20160926/bin/../lib/gcc/arm-none-eabi/5.4.1/../../../../arm-none-eabi/lib/armv7-m/libc_nano.a(lib_a-nano-vfprintf.o)
 .text.__sfputs_r
                0x0000000008006348       0x24 /usr/local/Cellar/gcc-arm-none-eabi/20160926/bin/../lib/gcc/arm-none-eabi/5.4.1/../../../../arm-none-eabi/lib/armv7-m/libc_nano.a(lib_a-nano-vfprintf.o)
                0x0000000008006348                __sfputs_r
 .text._vfprintf_r
                0x000000000800636c      0x238 /usr/local/Cellar/gcc-arm-none-eabi/20160926/bin/../lib/gcc/arm-none-eabi/5.4.1/../../../../arm-none-eabi/lib/armv7-m/libc_nano.a(lib_a-nano-vfprintf.o)
                0x000000000800636c                _vfiprintf_r
                0x000000000800636c                _vfprintf_r
 .text._sbrk_r  0x00000000080065a4       0x20 /usr/local/Cellar/gcc-arm-none-eabi/20160926/bin/../lib/gcc/arm-none-eabi/5.4.1/../../../../arm-none-eabi/lib/armv7-m/libc_nano.a(lib_a-sbrkr.o)
                0x00000000080065a4                _sbrk_r
 .text.__sread  0x00000000080065c4       0x22 /usr/local/Cellar/gcc-arm-none-eabi/20160926/bin/../lib/gcc/arm-none-eabi/5.4.1/../../../../arm-none-eabi/lib/armv7-m/libc_nano.a(lib_a-stdio.o)
                0x00000000080065c4                __sread
 .text.__swrite
                0x00000000080065e6       0x38 /usr/local/Cellar/gcc-arm-none-eabi/20160926/bin/../lib/gcc/arm-none-eabi/5.4.1/../../../../arm-none-eabi/lib/armv7-m/libc_nano.a(lib_a-stdio.o)
                0x00000000080065e6                __swrite
 .text.__sseek  0x000000000800661e       0x24 /usr/local/Cellar/gcc-arm-none-eabi/20160926/bin/../lib/gcc/arm-none-eabi/5.4.1/../../../../arm-none-eabi/lib/armv7-m/libc_nano.a(lib_a-stdio.o)
                0x000000000800661e                __sseek
 .text.__sclose
                0x0000000008006642        0x8 /usr/local/Cellar/gcc-arm-none-eabi/20160926/bin/../lib/gcc/arm-none-eabi/5.4.1/../../../../arm-none-eabi/lib/armv7-m/libc_nano.a(lib_a-stdio.o)
                0x0000000008006642                __sclose
 .text.strncmp  0x000000000800664a       0x2a /usr/local/Cellar/gcc-arm-none-eabi/20160926/bin/../lib/gcc/arm-none-eabi/5.4.1/../../../../arm-none-eabi/lib/armv7-m/libc_nano.a(lib_a-strncmp.o)
                0x000000000800664a                strncmp
 .text.__ascii_wctomb
                0x0000000008006674       0x1a /usr/local/Cellar/gcc-arm-none-eabi/20160926/bin/../lib/gcc/arm-none-eabi/5.4.1/../../../../arm-none-eabi/lib/armv7-m/libc_nano.a(lib_a-wctomb_r.o)
                0x0000000008006674                __ascii_wctomb
 *fill*         0x000000000800668e        0x2 
 .text._write_r
                0x0000000008006690       0x24 /usr/local/Cellar/gcc-arm-none-eabi/20160926/bin/../lib/gcc/arm-none-eabi/5.4.1/../../../../arm-none-eabi/lib/armv7-m/libc_nano.a(lib_a-writer.o)
                0x0000000008006690                _write_r
 .text._close_r
                0x00000000080066b4       0x20 /usr/local/Cellar/gcc-arm-none-eabi/20160926/bin/../lib/gcc/arm-none-eabi/5.4.1/../../../../arm-none-eabi/lib/armv7-m/libc_nano.a(lib_a-closer.o)
                0x00000000080066b4                _close_r
 .text._fstat_r
                0x00000000080066d4       0x24 /usr/local/Cellar/gcc-arm-none-eabi/20160926/bin/../lib/gcc/arm-none-eabi/5.4.1/../../../../arm-none-eabi/lib/armv7-m/libc_nano.a(lib_a-fstatr.o)
                0x00000000080066d4                _fstat_r
 .text._isatty_r
                0x00000000080066f8       0x20 /usr/local/Cellar/gcc-arm-none-eabi/20160926/bin/../lib/gcc/arm-none-eabi/5.4.1/../../../../arm-none-eabi/lib/armv7-m/libc_nano.a(lib_a-isattyr.o)
                0x00000000080066f8                _isatty_r
 .text._lseek_r
                0x0000000008006718       0x24 /usr/local/Cellar/gcc-arm-none-eabi/20160926/bin/../lib/gcc/arm-none-eabi/5.4.1/../../../../arm-none-eabi/lib/armv7-m/libc_nano.a(lib_a-lseekr.o)
                0x0000000008006718                _lseek_r
 .text.memmove  0x000000000800673c       0x36 /usr/local/Cellar/gcc-arm-none-eabi/20160926/bin/../lib/gcc/arm-none-eabi/5.4.1/../../../../arm-none-eabi/lib/armv7-m/libc_nano.a(lib_a-memmove.o)
                0x000000000800673c                memmove
 .text.__malloc_lock
                0x0000000008006772        0x2 /usr/local/Cellar/gcc-arm-none-eabi/20160926/bin/../lib/gcc/arm-none-eabi/5.4.1/../../../../arm-none-eabi/lib/armv7-m/libc_nano.a(lib_a-mlock.o)
                0x0000000008006772                __malloc_lock
 .text.__malloc_unlock
                0x0000000008006774        0x2 /usr/local/Cellar/gcc-arm-none-eabi/20160926/bin/../lib/gcc/arm-none-eabi/5.4.1/../../../../arm-none-eabi/lib/armv7-m/libc_nano.a(lib_a-mlock.o)
                0x0000000008006774                __malloc_unlock
 .text._realloc_r
                0x0000000008006776       0x4c /usr/local/Cellar/gcc-arm-none-eabi/20160926/bin/../lib/gcc/arm-none-eabi/5.4.1/../../../../arm-none-eabi/lib/armv7-m/libc_nano.a(lib_a-nano-reallocr.o)
                0x0000000008006776                _realloc_r
 *fill*         0x00000000080067c2        0x2 
 .text._read_r  0x00000000080067c4       0x24 /usr/local/Cellar/gcc-arm-none-eabi/20160926/bin/../lib/gcc/arm-none-eabi/5.4.1/../../../../arm-none-eabi/lib/armv7-m/libc_nano.a(lib_a-readr.o)
                0x00000000080067c4                _read_r
 .text._malloc_usable_size_r
                0x00000000080067e8       0x14 /usr/local/Cellar/gcc-arm-none-eabi/20160926/bin/../lib/gcc/arm-none-eabi/5.4.1/../../../../arm-none-eabi/lib/armv7-m/libc_nano.a(lib_a-nano-msizer.o)
                0x00000000080067e8                _malloc_usable_size_r
 .text._close   0x00000000080067fc       0x10 /usr/local/Cellar/gcc-arm-none-eabi/20160926/bin/../lib/gcc/arm-none-eabi/5.4.1/../../../../arm-none-eabi/lib/armv7-m/libnosys.a(close.o)
                0x00000000080067fc                _close
 .text._fstat   0x000000000800680c       0x10 /usr/local/Cellar/gcc-arm-none-eabi/20160926/bin/../lib/gcc/arm-none-eabi/5.4.1/../../../../arm-none-eabi/lib/armv7-m/libnosys.a(fstat.o)
                0x000000000800680c                _fstat
 .text._isatty  0x000000000800681c       0x10 /usr/local/Cellar/gcc-arm-none-eabi/20160926/bin/../lib/gcc/arm-none-eabi/5.4.1/../../../../arm-none-eabi/lib/armv7-m/libnosys.a(isatty.o)
                0x000000000800681c                _isatty
 .text._lseek   0x000000000800682c       0x10 /usr/local/Cellar/gcc-arm-none-eabi/20160926/bin/../lib/gcc/arm-none-eabi/5.4.1/../../../../arm-none-eabi/lib/armv7-m/libnosys.a(lseek.o)
                0x000000000800682c                _lseek
 .text._read    0x000000000800683c       0x10 /usr/local/Cellar/gcc-arm-none-eabi/20160926/bin/../lib/gcc/arm-none-eabi/5.4.1/../../../../arm-none-eabi/lib/armv7-m/libnosys.a(read.o)
                0x000000000800683c                _read
 .text._sbrk    0x000000000800684c       0x1c /usr/local/Cellar/gcc-arm-none-eabi/20160926/bin/../lib/gcc/arm-none-eabi/5.4.1/../../../../arm-none-eabi/lib/armv7-m/libnosys.a(sbrk.o)
                0x000000000800684c                _sbrk
 *(.glue_7)
 .glue_7        0x0000000008006868        0x0 linker stubs
 *(.glue_7t)
 .glue_7t       0x0000000008006868        0x0 linker stubs
 *(.eh_frame)
 .eh_frame      0x0000000008006868        0x0 /usr/local/Cellar/gcc-arm-none-eabi/20160926/bin/../lib/gcc/arm-none-eabi/5.4.1/armv7-m/crtbegin.o
 *(.init)
 .init          0x0000000008006868        0x4 /usr/local/Cellar/gcc-arm-none-eabi/20160926/bin/../lib/gcc/arm-none-eabi/5.4.1/armv7-m/crti.o
                0x0000000008006868                _init
 .init          0x000000000800686c        0x8 /usr/local/Cellar/gcc-arm-none-eabi/20160926/bin/../lib/gcc/arm-none-eabi/5.4.1/armv7-m/crtn.o
 *(.fini)
 .fini          0x0000000008006874        0x4 /usr/local/Cellar/gcc-arm-none-eabi/20160926/bin/../lib/gcc/arm-none-eabi/5.4.1/armv7-m/crti.o
                0x0000000008006874                _fini
 .fini          0x0000000008006878        0x8 /usr/local/Cellar/gcc-arm-none-eabi/20160926/bin/../lib/gcc/arm-none-eabi/5.4.1/armv7-m/crtn.o
                0x0000000008006880                . = ALIGN (0x4)
                0x0000000008006880                _etext = .

.vfp11_veneer   0x0000000008006880        0x0
 .vfp11_veneer  0x0000000008006880        0x0 linker stubs

.v4_bx          0x0000000008006880        0x0
 .v4_bx         0x0000000008006880        0x0 linker stubs

.iplt           0x0000000008006880        0x0
 .iplt          0x0000000008006880        0x0 /usr/local/Cellar/gcc-arm-none-eabi/20160926/bin/../lib/gcc/arm-none-eabi/5.4.1/armv7-m/crtbegin.o

.rodata         0x0000000008006880      0x688
                0x0000000008006880                . = ALIGN (0x4)
 *(.rodata)
 *(.rodata*)
 .rodata.str1.4
                0x0000000008006880      0x168 build/main.o
 .rodata.str1.4
                0x00000000080069e8       0x71 build/debug.o
                                         0x7d (size before relaxing)
 *fill*         0x0000000008006a59        0x3 
 .rodata.str1.4
                0x0000000008006a5c       0x14 build/seven_segment.o
 .rodata.str1.4
                0x0000000008006a70       0x56 build/BMA280.o
 *fill*         0x0000000008006ac6        0x2 
 .rodata.str1.4
                0x0000000008006ac8       0x26 build/misc.o
 *fill*         0x0000000008006aee        0x2 
 .rodata.str1.4
                0x0000000008006af0       0x30 build/stm32f10x_exti.o
 .rodata.str1.4
                0x0000000008006b20       0x30 build/stm32f10x_gpio.o
 .rodata.str1.4
                0x0000000008006b50       0x2f build/stm32f10x_i2c.o
 *fill*         0x0000000008006b7f        0x1 
 .rodata.str1.4
                0x0000000008006b80       0x2f build/stm32f10x_rcc.o
 *fill*         0x0000000008006baf        0x1 
 .rodata.str1.4
                0x0000000008006bb0       0x34 build/stm32f10x_usart.o
                                         0x31 (size before relaxing)
 .rodata._global_impure_ptr
                0x0000000008006be4        0x4 /usr/local/Cellar/gcc-arm-none-eabi/20160926/bin/../lib/gcc/arm-none-eabi/5.4.1/../../../../arm-none-eabi/lib/armv7-m/libc_nano.a(lib_a-impure.o)
                0x0000000008006be4                _global_impure_ptr
 .rodata.str1.1
                0x0000000008006be8       0x12 /usr/local/Cellar/gcc-arm-none-eabi/20160926/bin/../lib/gcc/arm-none-eabi/5.4.1/../../../../arm-none-eabi/lib/armv7-m/libc_nano.a(lib_a-nano-vfprintf_float.o)
 .rodata.str1.1
                0x0000000008006bfa       0x22 /usr/local/Cellar/gcc-arm-none-eabi/20160926/bin/../lib/gcc/arm-none-eabi/5.4.1/../../../../arm-none-eabi/lib/armv7-m/libc_nano.a(lib_a-nano-vfprintf_i.o)
 .rodata.str1.1
                0x0000000008006c1c        0x5 /usr/local/Cellar/gcc-arm-none-eabi/20160926/bin/../lib/gcc/arm-none-eabi/5.4.1/../../../../arm-none-eabi/lib/armv7-m/libc_nano.a(lib_a-nano-vfscanf_float.o)
 *fill*         0x0000000008006c21        0x7 
 .rodata.tinytens
                0x0000000008006c28       0x28 /usr/local/Cellar/gcc-arm-none-eabi/20160926/bin/../lib/gcc/arm-none-eabi/5.4.1/../../../../arm-none-eabi/lib/armv7-m/libc_nano.a(lib_a-strtod.o)
 .rodata.fpi.6179
                0x0000000008006c50       0x14 /usr/local/Cellar/gcc-arm-none-eabi/20160926/bin/../lib/gcc/arm-none-eabi/5.4.1/../../../../arm-none-eabi/lib/armv7-m/libc_nano.a(lib_a-strtod.o)
 .rodata.str1.1
                0x0000000008006c64        0x5 /usr/local/Cellar/gcc-arm-none-eabi/20160926/bin/../lib/gcc/arm-none-eabi/5.4.1/../../../../arm-none-eabi/lib/armv7-m/libc_nano.a(lib_a-strtod.o)
                                          0xc (size before relaxing)
 .rodata.fpinan.6215
                0x0000000008006c64       0x14 /usr/local/Cellar/gcc-arm-none-eabi/20160926/bin/../lib/gcc/arm-none-eabi/5.4.1/../../../../arm-none-eabi/lib/armv7-m/libc_nano.a(lib_a-strtod.o)
 .rodata.str1.1
                0x0000000008006c78        0xd /usr/local/Cellar/gcc-arm-none-eabi/20160926/bin/../lib/gcc/arm-none-eabi/5.4.1/../../../../arm-none-eabi/lib/armv7-m/libc_nano.a(lib_a-dtoa.o)
                                          0xf (size before relaxing)
 *fill*         0x0000000008006c85        0x3 
 .rodata.__sf_fake_stdin
                0x0000000008006c88       0x20 /usr/local/Cellar/gcc-arm-none-eabi/20160926/bin/../lib/gcc/arm-none-eabi/5.4.1/../../../../arm-none-eabi/lib/armv7-m/libc_nano.a(lib_a-findfp.o)
                0x0000000008006c88                __sf_fake_stdin
 .rodata.__sf_fake_stdout
                0x0000000008006ca8       0x20 /usr/local/Cellar/gcc-arm-none-eabi/20160926/bin/../lib/gcc/arm-none-eabi/5.4.1/../../../../arm-none-eabi/lib/armv7-m/libc_nano.a(lib_a-findfp.o)
                0x0000000008006ca8                __sf_fake_stdout
 .rodata.__sf_fake_stderr
                0x0000000008006cc8       0x20 /usr/local/Cellar/gcc-arm-none-eabi/20160926/bin/../lib/gcc/arm-none-eabi/5.4.1/../../../../arm-none-eabi/lib/armv7-m/libc_nano.a(lib_a-findfp.o)
                0x0000000008006cc8                __sf_fake_stderr
 .rodata.str1.1
                0x0000000008006ce8        0xa /usr/local/Cellar/gcc-arm-none-eabi/20160926/bin/../lib/gcc/arm-none-eabi/5.4.1/../../../../arm-none-eabi/lib/armv7-m/libc_nano.a(lib_a-locale.o)
                                          0xb (size before relaxing)
 *fill*         0x0000000008006cf2        0x6 
 .rodata.__mprec_tens
                0x0000000008006cf8       0xc8 /usr/local/Cellar/gcc-arm-none-eabi/20160926/bin/../lib/gcc/arm-none-eabi/5.4.1/../../../../arm-none-eabi/lib/armv7-m/libc_nano.a(lib_a-mprec.o)
                0x0000000008006cf8                __mprec_tens
 .rodata.__mprec_bigtens
                0x0000000008006dc0       0x28 /usr/local/Cellar/gcc-arm-none-eabi/20160926/bin/../lib/gcc/arm-none-eabi/5.4.1/../../../../arm-none-eabi/lib/armv7-m/libc_nano.a(lib_a-mprec.o)
                0x0000000008006dc0                __mprec_bigtens
 .rodata.p05.6097
                0x0000000008006de8        0xc /usr/local/Cellar/gcc-arm-none-eabi/20160926/bin/../lib/gcc/arm-none-eabi/5.4.1/../../../../arm-none-eabi/lib/armv7-m/libc_nano.a(lib_a-mprec.o)
 .rodata.str1.1
                0x0000000008006df4       0x11 /usr/local/Cellar/gcc-arm-none-eabi/20160926/bin/../lib/gcc/arm-none-eabi/5.4.1/../../../../arm-none-eabi/lib/armv7-m/libc_nano.a(lib_a-nano-svfprintf.o)
 .rodata.str1.1
                0x0000000008006e05       0x11 /usr/local/Cellar/gcc-arm-none-eabi/20160926/bin/../lib/gcc/arm-none-eabi/5.4.1/../../../../arm-none-eabi/lib/armv7-m/libc_nano.a(lib_a-nano-vfprintf.o)
 .rodata._ctype_
                0x0000000008006e05      0x101 /usr/local/Cellar/gcc-arm-none-eabi/20160926/bin/../lib/gcc/arm-none-eabi/5.4.1/../../../../arm-none-eabi/lib/armv7-m/libc_nano.a(lib_a-ctype_.o)
                0x0000000008006e05                _ctype_
                0x0000000008006f08                . = ALIGN (0x4)
 *fill*         0x0000000008006f06        0x2 

.rel.dyn        0x0000000008006f08        0x0
 .rel.iplt      0x0000000008006f08        0x0 /usr/local/Cellar/gcc-arm-none-eabi/20160926/bin/../lib/gcc/arm-none-eabi/5.4.1/armv7-m/crtbegin.o

.ARM.extab
 *(.ARM.extab* .gnu.linkonce.armextab.*)

.ARM            0x0000000008006f08        0x0
                0x0000000008006f08                __exidx_start = .
 *(.ARM.exidx*)
                0x0000000008006f08                __exidx_end = .

.preinit_array  0x0000000008006f08        0x0
                0x0000000008006f08                PROVIDE (__preinit_array_start, .)
 *(.preinit_array*)
                0x0000000008006f08                PROVIDE (__preinit_array_end, .)

.init_array     0x0000000008006f08        0x4
                0x0000000008006f08                PROVIDE (__init_array_start, .)
 *(SORT(.init_array.*))
 *(.init_array*)
 .init_array    0x0000000008006f08        0x4 /usr/local/Cellar/gcc-arm-none-eabi/20160926/bin/../lib/gcc/arm-none-eabi/5.4.1/armv7-m/crtbegin.o
                0x0000000008006f0c                PROVIDE (__init_array_end, .)

.fini_array     0x0000000008006f0c        0x4
                [!provide]                        PROVIDE (__fini_array_start, .)
 *(SORT(.fini_array.*))
 *(.fini_array*)
 .fini_array    0x0000000008006f0c        0x4 /usr/local/Cellar/gcc-arm-none-eabi/20160926/bin/../lib/gcc/arm-none-eabi/5.4.1/armv7-m/crtbegin.o
                [!provide]                        PROVIDE (__fini_array_end, .)
                0x0000000008006f10                _sidata = LOADADDR (.data)

.data           0x0000000020000000      0x1e4 load address 0x0000000008006f10
                0x0000000020000000                . = ALIGN (0x4)
                0x0000000020000000                _sdata = .
 *(.data)
 *(.data*)
 .data.ADCPrescTable
                0x0000000020000000        0x4 build/stm32f10x_rcc.o
 .data.APBAHBPrescTable
                0x0000000020000004       0x10 build/stm32f10x_rcc.o
 .data.impure_data
                0x0000000020000014       0x60 /usr/local/Cellar/gcc-arm-none-eabi/20160926/bin/../lib/gcc/arm-none-eabi/5.4.1/../../../../arm-none-eabi/lib/armv7-m/libc_nano.a(lib_a-impure.o)
 .data._impure_ptr
                0x0000000020000074        0x4 /usr/local/Cellar/gcc-arm-none-eabi/20160926/bin/../lib/gcc/arm-none-eabi/5.4.1/../../../../arm-none-eabi/lib/armv7-m/libc_nano.a(lib_a-impure.o)
                0x0000000020000074                _impure_ptr
 .data.__global_locale
                0x0000000020000078      0x16c /usr/local/Cellar/gcc-arm-none-eabi/20160926/bin/../lib/gcc/arm-none-eabi/5.4.1/../../../../arm-none-eabi/lib/armv7-m/libc_nano.a(lib_a-locale.o)
                0x0000000020000078                __global_locale
                0x00000000200001e4                . = ALIGN (0x4)
                0x00000000200001e4                _edata = .

.jcr            0x00000000200001e4        0x0 load address 0x00000000080070f4
 .jcr           0x00000000200001e4        0x0 /usr/local/Cellar/gcc-arm-none-eabi/20160926/bin/../lib/gcc/arm-none-eabi/5.4.1/armv7-m/crtbegin.o

.igot.plt       0x00000000200001e4        0x0 load address 0x00000000080070f4
 .igot.plt      0x00000000200001e4        0x0 /usr/local/Cellar/gcc-arm-none-eabi/20160926/bin/../lib/gcc/arm-none-eabi/5.4.1/armv7-m/crtbegin.o
                0x00000000200001e4                . = ALIGN (0x4)

.bss            0x00000000200001e4      0x47c load address 0x00000000080070f4
                0x00000000200001e4                _sbss = .
                0x00000000200001e4                __bss_start__ = _sbss
 *(.bss)
 .bss           0x00000000200001e4       0x1c /usr/local/Cellar/gcc-arm-none-eabi/20160926/bin/../lib/gcc/arm-none-eabi/5.4.1/armv7-m/crtbegin.o
 *(.bss*)
 .bss.TimingDelay
                0x0000000020000200        0x4 build/hw_config.o
 .bss.I2CDirection
                0x0000000020000204        0x4 build/I2CRoutines.o
                0x0000000020000204                I2CDirection
 .bss.__malloc_sbrk_start
                0x0000000020000208        0x4 /usr/local/Cellar/gcc-arm-none-eabi/20160926/bin/../lib/gcc/arm-none-eabi/5.4.1/../../../../arm-none-eabi/lib/armv7-m/libc_nano.a(lib_a-nano-mallocr.o)
                0x0000000020000208                __malloc_sbrk_start
 .bss.__malloc_free_list
                0x000000002000020c        0x4 /usr/local/Cellar/gcc-arm-none-eabi/20160926/bin/../lib/gcc/arm-none-eabi/5.4.1/../../../../arm-none-eabi/lib/armv7-m/libc_nano.a(lib_a-nano-mallocr.o)
                0x000000002000020c                __malloc_free_list
 .bss.heap_end.4167
                0x0000000020000210        0x4 /usr/local/Cellar/gcc-arm-none-eabi/20160926/bin/../lib/gcc/arm-none-eabi/5.4.1/../../../../arm-none-eabi/lib/armv7-m/libnosys.a(sbrk.o)
 *(COMMON)
 COMMON         0x0000000020000214       0x14 build/main.o
                0x0000000020000214                rcc_clocks
 COMMON         0x0000000020000228      0x434 build/I2CRoutines.o
                0x0000000020000228                Buffer_Rx2
                0x0000000020000328                Buffer_Tx1
                0x0000000020000428                Buffer_Tx2
                0x0000000020000528                I2CDMA_InitStructure
                0x0000000020000554                Buffer_Rx1
                0x0000000020000653                Address
                0x0000000020000654                NumbOfBytes2
                0x0000000020000658                NumbOfBytes1
 COMMON         0x000000002000065c        0x4 /usr/local/Cellar/gcc-arm-none-eabi/20160926/bin/../lib/gcc/arm-none-eabi/5.4.1/../../../../arm-none-eabi/lib/armv7-m/libc_nano.a(lib_a-reent.o)
                0x000000002000065c                errno
                0x0000000020000660                . = ALIGN (0x4)
                0x0000000020000660                _ebss = .
                0x0000000020000660                __bss_end__ = _ebss

._user_heap_stack
                0x0000000020000660      0x600 load address 0x00000000080070f4
                0x0000000020000660                . = ALIGN (0x8)
                0x0000000020000660                PROVIDE (end, .)
                [!provide]                        PROVIDE (_end, .)
                0x0000000020000860                . = (. + _Min_Heap_Size)
 *fill*         0x0000000020000660      0x200 
                0x0000000020000c60                . = (. + _Min_Stack_Size)
 *fill*         0x0000000020000860      0x400 
                0x0000000020000c60                . = ALIGN (0x8)

/DISCARD/
 libc.a(*)
 libm.a(*)
 libgcc.a(*)

.ARM.attributes
                0x0000000000000000       0x29
 *(.ARM.attributes)
 .ARM.attributes
                0x0000000000000000       0x1d /usr/local/Cellar/gcc-arm-none-eabi/20160926/bin/../lib/gcc/arm-none-eabi/5.4.1/armv7-m/crti.o
 .ARM.attributes
                0x000000000000001d       0x2d /usr/local/Cellar/gcc-arm-none-eabi/20160926/bin/../lib/gcc/arm-none-eabi/5.4.1/armv7-m/crtbegin.o
 .ARM.attributes
                0x000000000000004a       0x33 build/main.o
 .ARM.attributes
                0x000000000000007d       0x33 build/stm32f10x_it.o
 .ARM.attributes
                0x00000000000000b0       0x33 build/hw_config.o
 .ARM.attributes
                0x00000000000000e3       0x33 build/debug.o
 .ARM.attributes
                0x0000000000000116       0x33 build/key.o
 .ARM.attributes
                0x0000000000000149       0x33 build/led.o
 .ARM.attributes
                0x000000000000017c       0x33 build/seven_segment.o
 .ARM.attributes
                0x00000000000001af       0x33 build/syscalls.o
 .ARM.attributes
                0x00000000000001e2       0x33 build/I2CRoutines.o
 .ARM.attributes
                0x0000000000000215       0x33 build/BMA280.o
 .ARM.attributes
                0x0000000000000248       0x33 build/misc.o
 .ARM.attributes
                0x000000000000027b       0x33 build/stm32f10x_exti.o
 .ARM.attributes
                0x00000000000002ae       0x33 build/stm32f10x_gpio.o
 .ARM.attributes
                0x00000000000002e1       0x33 build/stm32f10x_i2c.o
 .ARM.attributes
                0x0000000000000314       0x33 build/stm32f10x_rcc.o
 .ARM.attributes
                0x0000000000000347       0x33 build/stm32f10x_usart.o
 .ARM.attributes
                0x000000000000037a       0x33 build/system_stm32f10x.o
 .ARM.attributes
                0x00000000000003ad       0x21 build/startup_stm32f10x_md.o
 .ARM.attributes
                0x00000000000003ce       0x2d /usr/local/Cellar/gcc-arm-none-eabi/20160926/bin/../lib/gcc/arm-none-eabi/5.4.1/../../../../arm-none-eabi/lib/armv7-m/libc_nano.a(lib_a-impure.o)
 .ARM.attributes
                0x00000000000003fb       0x2d /usr/local/Cellar/gcc-arm-none-eabi/20160926/bin/../lib/gcc/arm-none-eabi/5.4.1/../../../../arm-none-eabi/lib/armv7-m/libc_nano.a(lib_a-memset.o)
 .ARM.attributes
                0x0000000000000428       0x2d /usr/local/Cellar/gcc-arm-none-eabi/20160926/bin/../lib/gcc/arm-none-eabi/5.4.1/../../../../arm-none-eabi/lib/armv7-m/libc_nano.a(lib_a-nano-vfprintf_float.o)
 .ARM.attributes
                0x0000000000000455       0x2d /usr/local/Cellar/gcc-arm-none-eabi/20160926/bin/../lib/gcc/arm-none-eabi/5.4.1/../../../../arm-none-eabi/lib/armv7-m/libc_nano.a(lib_a-nano-vfprintf_i.o)
 .ARM.attributes
                0x0000000000000482       0x2d /usr/local/Cellar/gcc-arm-none-eabi/20160926/bin/../lib/gcc/arm-none-eabi/5.4.1/../../../../arm-none-eabi/lib/armv7-m/libc_nano.a(lib_a-nano-vfscanf_float.o)
 .ARM.attributes
                0x00000000000004af       0x2d /usr/local/Cellar/gcc-arm-none-eabi/20160926/bin/../lib/gcc/arm-none-eabi/5.4.1/../../../../arm-none-eabi/lib/armv7-m/libc_nano.a(lib_a-printf.o)
 .ARM.attributes
                0x00000000000004dc       0x2d /usr/local/Cellar/gcc-arm-none-eabi/20160926/bin/../lib/gcc/arm-none-eabi/5.4.1/../../../../arm-none-eabi/lib/armv7-m/libc_nano.a(lib_a-puts.o)
 .ARM.attributes
                0x0000000000000509       0x2d /usr/local/Cellar/gcc-arm-none-eabi/20160926/bin/../lib/gcc/arm-none-eabi/5.4.1/../../../../arm-none-eabi/lib/armv7-m/libc_nano.a(lib_a-sf_nan.o)
 .ARM.attributes
                0x0000000000000536       0x2d /usr/local/Cellar/gcc-arm-none-eabi/20160926/bin/../lib/gcc/arm-none-eabi/5.4.1/../../../../arm-none-eabi/lib/armv7-m/libc_nano.a(lib_a-sprintf.o)
 .ARM.attributes
                0x0000000000000563       0x17 /usr/local/Cellar/gcc-arm-none-eabi/20160926/bin/../lib/gcc/arm-none-eabi/5.4.1/../../../../arm-none-eabi/lib/armv7-m/libc_nano.a(lib_a-strlen.o)
 .ARM.attributes
                0x000000000000057a       0x2d /usr/local/Cellar/gcc-arm-none-eabi/20160926/bin/../lib/gcc/arm-none-eabi/5.4.1/../../../../arm-none-eabi/lib/armv7-m/libc_nano.a(lib_a-strtod.o)
 .ARM.attributes
                0x00000000000005a7       0x2d /usr/local/Cellar/gcc-arm-none-eabi/20160926/bin/../lib/gcc/arm-none-eabi/5.4.1/../../../../arm-none-eabi/lib/armv7-m/libc_nano.a(lib_a-strtol.o)
 .ARM.attributes
                0x00000000000005d4       0x2d /usr/local/Cellar/gcc-arm-none-eabi/20160926/bin/../lib/gcc/arm-none-eabi/5.4.1/../../../../arm-none-eabi/lib/armv7-m/libc_nano.a(lib_a-wbuf.o)
 .ARM.attributes
                0x0000000000000601       0x2d /usr/local/Cellar/gcc-arm-none-eabi/20160926/bin/../lib/gcc/arm-none-eabi/5.4.1/../../../../arm-none-eabi/lib/armv7-m/libc_nano.a(lib_a-wsetup.o)
 .ARM.attributes
                0x000000000000062e       0x2d /usr/local/Cellar/gcc-arm-none-eabi/20160926/bin/../lib/gcc/arm-none-eabi/5.4.1/../../../../arm-none-eabi/lib/armv7-m/libc_nano.a(lib_a-dtoa.o)
 .ARM.attributes
                0x000000000000065b       0x2d /usr/local/Cellar/gcc-arm-none-eabi/20160926/bin/../lib/gcc/arm-none-eabi/5.4.1/../../../../arm-none-eabi/lib/armv7-m/libc_nano.a(lib_a-fflush.o)
 .ARM.attributes
                0x0000000000000688       0x2d /usr/local/Cellar/gcc-arm-none-eabi/20160926/bin/../lib/gcc/arm-none-eabi/5.4.1/../../../../arm-none-eabi/lib/armv7-m/libc_nano.a(lib_a-findfp.o)
 .ARM.attributes
                0x00000000000006b5       0x2d /usr/local/Cellar/gcc-arm-none-eabi/20160926/bin/../lib/gcc/arm-none-eabi/5.4.1/../../../../arm-none-eabi/lib/armv7-m/libc_nano.a(lib_a-fwalk.o)
 .ARM.attributes
                0x00000000000006e2       0x2d /usr/local/Cellar/gcc-arm-none-eabi/20160926/bin/../lib/gcc/arm-none-eabi/5.4.1/../../../../arm-none-eabi/lib/armv7-m/libc_nano.a(lib_a-gdtoa-gethex.o)
 .ARM.attributes
                0x000000000000070f       0x2d /usr/local/Cellar/gcc-arm-none-eabi/20160926/bin/../lib/gcc/arm-none-eabi/5.4.1/../../../../arm-none-eabi/lib/armv7-m/libc_nano.a(lib_a-gdtoa-hexnan.o)
 .ARM.attributes
                0x000000000000073c       0x2d /usr/local/Cellar/gcc-arm-none-eabi/20160926/bin/../lib/gcc/arm-none-eabi/5.4.1/../../../../arm-none-eabi/lib/armv7-m/libc_nano.a(lib_a-locale.o)
 .ARM.attributes
                0x0000000000000769       0x2d /usr/local/Cellar/gcc-arm-none-eabi/20160926/bin/../lib/gcc/arm-none-eabi/5.4.1/../../../../arm-none-eabi/lib/armv7-m/libc_nano.a(lib_a-localeconv.o)
 .ARM.attributes
                0x0000000000000796       0x2d /usr/local/Cellar/gcc-arm-none-eabi/20160926/bin/../lib/gcc/arm-none-eabi/5.4.1/../../../../arm-none-eabi/lib/armv7-m/libc_nano.a(lib_a-makebuf.o)
 .ARM.attributes
                0x00000000000007c3       0x2d /usr/local/Cellar/gcc-arm-none-eabi/20160926/bin/../lib/gcc/arm-none-eabi/5.4.1/../../../../arm-none-eabi/lib/armv7-m/libc_nano.a(lib_a-malloc.o)
 .ARM.attributes
                0x00000000000007f0       0x2d /usr/local/Cellar/gcc-arm-none-eabi/20160926/bin/../lib/gcc/arm-none-eabi/5.4.1/../../../../arm-none-eabi/lib/armv7-m/libc_nano.a(lib_a-mbtowc_r.o)
 .ARM.attributes
                0x000000000000081d       0x2d /usr/local/Cellar/gcc-arm-none-eabi/20160926/bin/../lib/gcc/arm-none-eabi/5.4.1/../../../../arm-none-eabi/lib/armv7-m/libc_nano.a(lib_a-memchr-stub.o)
 .ARM.attributes
                0x000000000000084a       0x2d /usr/local/Cellar/gcc-arm-none-eabi/20160926/bin/../lib/gcc/arm-none-eabi/5.4.1/../../../../arm-none-eabi/lib/armv7-m/libc_nano.a(lib_a-memcpy-stub.o)
 .ARM.attributes
                0x0000000000000877       0x2d /usr/local/Cellar/gcc-arm-none-eabi/20160926/bin/../lib/gcc/arm-none-eabi/5.4.1/../../../../arm-none-eabi/lib/armv7-m/libc_nano.a(lib_a-mprec.o)
 .ARM.attributes
                0x00000000000008a4       0x2d /usr/local/Cellar/gcc-arm-none-eabi/20160926/bin/../lib/gcc/arm-none-eabi/5.4.1/../../../../arm-none-eabi/lib/armv7-m/libc_nano.a(lib_a-nano-callocr.o)
 .ARM.attributes
                0x00000000000008d1       0x2d /usr/local/Cellar/gcc-arm-none-eabi/20160926/bin/../lib/gcc/arm-none-eabi/5.4.1/../../../../arm-none-eabi/lib/armv7-m/libc_nano.a(lib_a-nano-freer.o)
 .ARM.attributes
                0x00000000000008fe       0x2d /usr/local/Cellar/gcc-arm-none-eabi/20160926/bin/../lib/gcc/arm-none-eabi/5.4.1/../../../../arm-none-eabi/lib/armv7-m/libc_nano.a(lib_a-nano-mallocr.o)
 .ARM.attributes
                0x000000000000092b       0x2d /usr/local/Cellar/gcc-arm-none-eabi/20160926/bin/../lib/gcc/arm-none-eabi/5.4.1/../../../../arm-none-eabi/lib/armv7-m/libc_nano.a(lib_a-nano-svfprintf.o)
 .ARM.attributes
                0x0000000000000958       0x2d /usr/local/Cellar/gcc-arm-none-eabi/20160926/bin/../lib/gcc/arm-none-eabi/5.4.1/../../../../arm-none-eabi/lib/armv7-m/libc_nano.a(lib_a-nano-vfprintf.o)
 .ARM.attributes
                0x0000000000000985       0x2d /usr/local/Cellar/gcc-arm-none-eabi/20160926/bin/../lib/gcc/arm-none-eabi/5.4.1/../../../../arm-none-eabi/lib/armv7-m/libc_nano.a(lib_a-sbrkr.o)
 .ARM.attributes
                0x00000000000009b2       0x2d /usr/local/Cellar/gcc-arm-none-eabi/20160926/bin/../lib/gcc/arm-none-eabi/5.4.1/../../../../arm-none-eabi/lib/armv7-m/libc_nano.a(lib_a-stdio.o)
 .ARM.attributes
                0x00000000000009df       0x2d /usr/local/Cellar/gcc-arm-none-eabi/20160926/bin/../lib/gcc/arm-none-eabi/5.4.1/../../../../arm-none-eabi/lib/armv7-m/libc_nano.a(lib_a-strncmp.o)
 .ARM.attributes
                0x0000000000000a0c       0x2d /usr/local/Cellar/gcc-arm-none-eabi/20160926/bin/../lib/gcc/arm-none-eabi/5.4.1/../../../../arm-none-eabi/lib/armv7-m/libc_nano.a(lib_a-wctomb_r.o)
 .ARM.attributes
                0x0000000000000a39       0x2d /usr/local/Cellar/gcc-arm-none-eabi/20160926/bin/../lib/gcc/arm-none-eabi/5.4.1/../../../../arm-none-eabi/lib/armv7-m/libc_nano.a(lib_a-writer.o)
 .ARM.attributes
                0x0000000000000a66       0x2d /usr/local/Cellar/gcc-arm-none-eabi/20160926/bin/../lib/gcc/arm-none-eabi/5.4.1/../../../../arm-none-eabi/lib/armv7-m/libc_nano.a(lib_a-closer.o)
 .ARM.attributes
                0x0000000000000a93       0x2d /usr/local/Cellar/gcc-arm-none-eabi/20160926/bin/../lib/gcc/arm-none-eabi/5.4.1/../../../../arm-none-eabi/lib/armv7-m/libc_nano.a(lib_a-ctype_.o)
 .ARM.attributes
                0x0000000000000ac0       0x2d /usr/local/Cellar/gcc-arm-none-eabi/20160926/bin/../lib/gcc/arm-none-eabi/5.4.1/../../../../arm-none-eabi/lib/armv7-m/libc_nano.a(lib_a-fstatr.o)
 .ARM.attributes
                0x0000000000000aed       0x2d /usr/local/Cellar/gcc-arm-none-eabi/20160926/bin/../lib/gcc/arm-none-eabi/5.4.1/../../../../arm-none-eabi/lib/armv7-m/libc_nano.a(lib_a-isattyr.o)
 .ARM.attributes
                0x0000000000000b1a       0x2d /usr/local/Cellar/gcc-arm-none-eabi/20160926/bin/../lib/gcc/arm-none-eabi/5.4.1/../../../../arm-none-eabi/lib/armv7-m/libc_nano.a(lib_a-lseekr.o)
 .ARM.attributes
                0x0000000000000b47       0x2d /usr/local/Cellar/gcc-arm-none-eabi/20160926/bin/../lib/gcc/arm-none-eabi/5.4.1/../../../../arm-none-eabi/lib/armv7-m/libc_nano.a(lib_a-memmove.o)
 .ARM.attributes
                0x0000000000000b74       0x2d /usr/local/Cellar/gcc-arm-none-eabi/20160926/bin/../lib/gcc/arm-none-eabi/5.4.1/../../../../arm-none-eabi/lib/armv7-m/libc_nano.a(lib_a-mlock.o)
 .ARM.attributes
                0x0000000000000ba1       0x2d /usr/local/Cellar/gcc-arm-none-eabi/20160926/bin/../lib/gcc/arm-none-eabi/5.4.1/../../../../arm-none-eabi/lib/armv7-m/libc_nano.a(lib_a-nano-reallocr.o)
 .ARM.attributes
                0x0000000000000bce       0x2d /usr/local/Cellar/gcc-arm-none-eabi/20160926/bin/../lib/gcc/arm-none-eabi/5.4.1/../../../../arm-none-eabi/lib/armv7-m/libc_nano.a(lib_a-readr.o)
 .ARM.attributes
                0x0000000000000bfb       0x2d /usr/local/Cellar/gcc-arm-none-eabi/20160926/bin/../lib/gcc/arm-none-eabi/5.4.1/../../../../arm-none-eabi/lib/armv7-m/libc_nano.a(lib_a-reent.o)
 .ARM.attributes
                0x0000000000000c28       0x2d /usr/local/Cellar/gcc-arm-none-eabi/20160926/bin/../lib/gcc/arm-none-eabi/5.4.1/../../../../arm-none-eabi/lib/armv7-m/libc_nano.a(lib_a-nano-msizer.o)
 .ARM.attributes
                0x0000000000000c55       0x2d /usr/local/Cellar/gcc-arm-none-eabi/20160926/bin/../lib/gcc/arm-none-eabi/5.4.1/../../../../arm-none-eabi/lib/armv7-m/libnosys.a(close.o)
 .ARM.attributes
                0x0000000000000c82       0x2d /usr/local/Cellar/gcc-arm-none-eabi/20160926/bin/../lib/gcc/arm-none-eabi/5.4.1/../../../../arm-none-eabi/lib/armv7-m/libnosys.a(fstat.o)
 .ARM.attributes
                0x0000000000000caf       0x2d /usr/local/Cellar/gcc-arm-none-eabi/20160926/bin/../lib/gcc/arm-none-eabi/5.4.1/../../../../arm-none-eabi/lib/armv7-m/libnosys.a(isatty.o)
 .ARM.attributes
                0x0000000000000cdc       0x2d /usr/local/Cellar/gcc-arm-none-eabi/20160926/bin/../lib/gcc/arm-none-eabi/5.4.1/../../../../arm-none-eabi/lib/armv7-m/libnosys.a(lseek.o)
 .ARM.attributes
                0x0000000000000d09       0x2d /usr/local/Cellar/gcc-arm-none-eabi/20160926/bin/../lib/gcc/arm-none-eabi/5.4.1/../../../../arm-none-eabi/lib/armv7-m/libnosys.a(read.o)
 .ARM.attributes
                0x0000000000000d36       0x2d /usr/local/Cellar/gcc-arm-none-eabi/20160926/bin/../lib/gcc/arm-none-eabi/5.4.1/../../../../arm-none-eabi/lib/armv7-m/libnosys.a(sbrk.o)
 .ARM.attributes
                0x0000000000000d63       0x1d /usr/local/Cellar/gcc-arm-none-eabi/20160926/bin/../lib/gcc/arm-none-eabi/5.4.1/armv7-m/libgcc.a(_arm_addsubdf3.o)
 .ARM.attributes
                0x0000000000000d80       0x1d /usr/local/Cellar/gcc-arm-none-eabi/20160926/bin/../lib/gcc/arm-none-eabi/5.4.1/armv7-m/libgcc.a(_arm_muldivdf3.o)
 .ARM.attributes
                0x0000000000000d9d       0x1d /usr/local/Cellar/gcc-arm-none-eabi/20160926/bin/../lib/gcc/arm-none-eabi/5.4.1/armv7-m/libgcc.a(_arm_cmpdf2.o)
 .ARM.attributes
                0x0000000000000dba       0x1d /usr/local/Cellar/gcc-arm-none-eabi/20160926/bin/../lib/gcc/arm-none-eabi/5.4.1/armv7-m/libgcc.a(_arm_unorddf2.o)
 .ARM.attributes
                0x0000000000000dd7       0x1d /usr/local/Cellar/gcc-arm-none-eabi/20160926/bin/../lib/gcc/arm-none-eabi/5.4.1/armv7-m/libgcc.a(_arm_fixdfsi.o)
 .ARM.attributes
                0x0000000000000df4       0x1d /usr/local/Cellar/gcc-arm-none-eabi/20160926/bin/../lib/gcc/arm-none-eabi/5.4.1/armv7-m/libgcc.a(_arm_fixunsdfsi.o)
 .ARM.attributes
                0x0000000000000e11       0x1d /usr/local/Cellar/gcc-arm-none-eabi/20160926/bin/../lib/gcc/arm-none-eabi/5.4.1/armv7-m/libgcc.a(_arm_truncdfsf2.o)
 .ARM.attributes
                0x0000000000000e2e       0x1d /usr/local/Cellar/gcc-arm-none-eabi/20160926/bin/../lib/gcc/arm-none-eabi/5.4.1/armv7-m/crtn.o
OUTPUT(build/cmsis.elf elf32-littlearm)

.debug_info     0x0000000000000000     0x8e51
 .debug_info    0x0000000000000000      0xae5 build/main.o
 .debug_info    0x0000000000000ae5      0x53c build/stm32f10x_it.o
 .debug_info    0x0000000000001021     0x106a build/hw_config.o
 .debug_info    0x000000000000208b      0x2b9 build/debug.o
 .debug_info    0x0000000000002344      0x266 build/key.o
 .debug_info    0x00000000000025aa      0x508 build/led.o
 .debug_info    0x0000000000002ab2      0x602 build/seven_segment.o
 .debug_info    0x00000000000030b4      0x264 build/syscalls.o
 .debug_info    0x0000000000003318      0x88d build/I2CRoutines.o
 .debug_info    0x0000000000003ba5      0x545 build/BMA280.o
 .debug_info    0x00000000000040ea      0x656 build/misc.o
 .debug_info    0x0000000000004740      0x49b build/stm32f10x_exti.o
 .debug_info    0x0000000000004bdb      0xc16 build/stm32f10x_gpio.o
 .debug_info    0x00000000000057f1     0x1342 build/stm32f10x_i2c.o
 .debug_info    0x0000000000006b33      0xd32 build/stm32f10x_rcc.o
 .debug_info    0x0000000000007865     0x1260 build/stm32f10x_usart.o
 .debug_info    0x0000000000008ac5      0x2fc build/system_stm32f10x.o
 .debug_info    0x0000000000008dc1       0x90 build/startup_stm32f10x_md.o

.debug_abbrev   0x0000000000000000     0x1a4b
 .debug_abbrev  0x0000000000000000      0x23d build/main.o
 .debug_abbrev  0x000000000000023d       0xde build/stm32f10x_it.o
 .debug_abbrev  0x000000000000031b      0x2a3 build/hw_config.o
 .debug_abbrev  0x00000000000005be       0xb8 build/debug.o
 .debug_abbrev  0x0000000000000676      0x104 build/key.o
 .debug_abbrev  0x000000000000077a      0x10c build/led.o
 .debug_abbrev  0x0000000000000886      0x18a build/seven_segment.o
 .debug_abbrev  0x0000000000000a10      0x112 build/syscalls.o
 .debug_abbrev  0x0000000000000b22      0x1f9 build/I2CRoutines.o
 .debug_abbrev  0x0000000000000d1b      0x179 build/BMA280.o
 .debug_abbrev  0x0000000000000e94      0x136 build/misc.o
 .debug_abbrev  0x0000000000000fca      0x1a7 build/stm32f10x_exti.o
 .debug_abbrev  0x0000000000001171      0x1f1 build/stm32f10x_gpio.o
 .debug_abbrev  0x0000000000001362      0x1e8 build/stm32f10x_i2c.o
 .debug_abbrev  0x000000000000154a      0x1e7 build/stm32f10x_rcc.o
 .debug_abbrev  0x0000000000001731      0x1f3 build/stm32f10x_usart.o
 .debug_abbrev  0x0000000000001924      0x115 build/system_stm32f10x.o
 .debug_abbrev  0x0000000000001a39       0x12 build/startup_stm32f10x_md.o

.debug_loc      0x0000000000000000     0x4b94
 .debug_loc     0x0000000000000000       0xbb build/main.o
 .debug_loc     0x00000000000000bb       0x20 build/stm32f10x_it.o
 .debug_loc     0x00000000000000db      0x360 build/hw_config.o
 .debug_loc     0x000000000000043b      0x278 build/debug.o
 .debug_loc     0x00000000000006b3       0x55 build/key.o
 .debug_loc     0x0000000000000708      0x1be build/led.o
 .debug_loc     0x00000000000008c6      0x117 build/seven_segment.o
 .debug_loc     0x00000000000009dd       0xb5 build/syscalls.o
 .debug_loc     0x0000000000000a92      0x4c7 build/I2CRoutines.o
 .debug_loc     0x0000000000000f59      0x16d build/BMA280.o
 .debug_loc     0x00000000000010c6      0x255 build/misc.o
 .debug_loc     0x000000000000131b      0x286 build/stm32f10x_exti.o
 .debug_loc     0x00000000000015a1      0x96e build/stm32f10x_gpio.o
 .debug_loc     0x0000000000001f0f     0x10e3 build/stm32f10x_i2c.o
 .debug_loc     0x0000000000002ff2      0xce3 build/stm32f10x_rcc.o
 .debug_loc     0x0000000000003cd5      0xe53 build/stm32f10x_usart.o
 .debug_loc     0x0000000000004b28       0x6c build/system_stm32f10x.o

.debug_aranges  0x0000000000000000      0x908
 .debug_aranges
                0x0000000000000000       0x28 build/main.o
 .debug_aranges
                0x0000000000000028      0x1b8 build/stm32f10x_it.o
 .debug_aranges
                0x00000000000001e0       0xa0 build/hw_config.o
 .debug_aranges
                0x0000000000000280       0x48 build/debug.o
 .debug_aranges
                0x00000000000002c8       0x20 build/key.o
 .debug_aranges
                0x00000000000002e8       0x80 build/led.o
 .debug_aranges
                0x0000000000000368       0x58 build/seven_segment.o
 .debug_aranges
                0x00000000000003c0       0x20 build/syscalls.o
 .debug_aranges
                0x00000000000003e0       0x38 build/I2CRoutines.o
 .debug_aranges
                0x0000000000000418       0x38 build/BMA280.o
 .debug_aranges
                0x0000000000000450       0x40 build/misc.o
 .debug_aranges
                0x0000000000000490       0x58 build/stm32f10x_exti.o
 .debug_aranges
                0x00000000000004e8       0xa8 build/stm32f10x_gpio.o
 .debug_aranges
                0x0000000000000590      0x118 build/stm32f10x_i2c.o
 .debug_aranges
                0x00000000000006a8      0x118 build/stm32f10x_rcc.o
 .debug_aranges
                0x00000000000007c0       0xf0 build/stm32f10x_usart.o
 .debug_aranges
                0x00000000000008b0       0x30 build/system_stm32f10x.o
 .debug_aranges
                0x00000000000008e0       0x28 build/startup_stm32f10x_md.o

.debug_ranges   0x0000000000000000      0x7f0
 .debug_ranges  0x0000000000000000       0x18 build/main.o
 .debug_ranges  0x0000000000000018      0x1a8 build/stm32f10x_it.o
 .debug_ranges  0x00000000000001c0       0x90 build/hw_config.o
 .debug_ranges  0x0000000000000250       0x38 build/debug.o
 .debug_ranges  0x0000000000000288       0x10 build/key.o
 .debug_ranges  0x0000000000000298       0x70 build/led.o
 .debug_ranges  0x0000000000000308       0x48 build/seven_segment.o
 .debug_ranges  0x0000000000000350       0x10 build/syscalls.o
 .debug_ranges  0x0000000000000360       0x28 build/I2CRoutines.o
 .debug_ranges  0x0000000000000388       0x28 build/BMA280.o
 .debug_ranges  0x00000000000003b0       0x30 build/misc.o
 .debug_ranges  0x00000000000003e0       0x48 build/stm32f10x_exti.o
 .debug_ranges  0x0000000000000428       0x98 build/stm32f10x_gpio.o
 .debug_ranges  0x00000000000004c0      0x108 build/stm32f10x_i2c.o
 .debug_ranges  0x00000000000005c8      0x108 build/stm32f10x_rcc.o
 .debug_ranges  0x00000000000006d0       0xe0 build/stm32f10x_usart.o
 .debug_ranges  0x00000000000007b0       0x20 build/system_stm32f10x.o
 .debug_ranges  0x00000000000007d0       0x20 build/startup_stm32f10x_md.o

.debug_line     0x0000000000000000     0x3d9b
 .debug_line    0x0000000000000000      0x208 build/main.o
 .debug_line    0x0000000000000208      0x439 build/stm32f10x_it.o
 .debug_line    0x0000000000000641      0x3ac build/hw_config.o
 .debug_line    0x00000000000009ed      0x18d build/debug.o
 .debug_line    0x0000000000000b7a      0x15d build/key.o
 .debug_line    0x0000000000000cd7      0x26e build/led.o
 .debug_line    0x0000000000000f45      0x21e build/seven_segment.o
 .debug_line    0x0000000000001163      0x1b2 build/syscalls.o
 .debug_line    0x0000000000001315      0x358 build/I2CRoutines.o
 .debug_line    0x000000000000166d      0x1f4 build/BMA280.o
 .debug_line    0x0000000000001861      0x23c build/misc.o
 .debug_line    0x0000000000001a9d      0x335 build/stm32f10x_exti.o
 .debug_line    0x0000000000001dd2      0x6de build/stm32f10x_gpio.o
 .debug_line    0x00000000000024b0      0x801 build/stm32f10x_i2c.o
 .debug_line    0x0000000000002cb1      0x657 build/stm32f10x_rcc.o
 .debug_line    0x0000000000003308      0x890 build/stm32f10x_usart.o
 .debug_line    0x0000000000003b98      0x177 build/system_stm32f10x.o
 .debug_line    0x0000000000003d0f       0x8c build/startup_stm32f10x_md.o

.debug_str      0x0000000000000000     0x2568
 .debug_str     0x0000000000000000      0x6dc build/main.o
                                        0x748 (size before relaxing)
 .debug_str     0x00000000000006dc      0x40d build/stm32f10x_it.o
                                        0x5a1 (size before relaxing)
 .debug_str     0x0000000000000ae9      0x798 build/hw_config.o
                                        0xd1d (size before relaxing)
 .debug_str     0x0000000000001281       0x9f build/debug.o
                                        0x24e (size before relaxing)
 .debug_str     0x0000000000001320       0x7f build/key.o
                                        0x26c (size before relaxing)
 .debug_str     0x000000000000139f       0x8d build/led.o
                                        0x2ed (size before relaxing)
 .debug_str     0x000000000000142c       0xcd build/seven_segment.o
                                        0x3e7 (size before relaxing)
 .debug_str     0x00000000000014f9       0x1d build/syscalls.o
                                        0x249 (size before relaxing)
 .debug_str     0x0000000000001516      0x2ec build/I2CRoutines.o
                                        0x689 (size before relaxing)
 .debug_str     0x0000000000001802       0x96 build/BMA280.o
                                        0x34f (size before relaxing)
 .debug_str     0x0000000000001898       0xae build/misc.o
                                        0x411 (size before relaxing)
 .debug_str     0x0000000000001946       0xdc build/stm32f10x_exti.o
                                        0x3c8 (size before relaxing)
 .debug_str     0x0000000000001a22      0x1d4 build/stm32f10x_gpio.o
                                        0x579 (size before relaxing)
 .debug_str     0x0000000000001bf6      0x2f9 build/stm32f10x_i2c.o
                                        0x6c0 (size before relaxing)
 .debug_str     0x0000000000001eef      0x289 build/stm32f10x_rcc.o
                                        0x673 (size before relaxing)
 .debug_str     0x0000000000002178      0x320 build/stm32f10x_usart.o
                                        0x6fc (size before relaxing)
 .debug_str     0x0000000000002498       0xd0 build/system_stm32f10x.o
                                        0x2f5 (size before relaxing)

.comment        0x0000000000000000       0x6e
 .comment       0x0000000000000000       0x6e build/main.o
                                         0x6f (size before relaxing)
 .comment       0x000000000000006e       0x6f build/stm32f10x_it.o
 .comment       0x000000000000006e       0x6f build/hw_config.o
 .comment       0x000000000000006e       0x6f build/debug.o
 .comment       0x000000000000006e       0x6f build/key.o
 .comment       0x000000000000006e       0x6f build/led.o
 .comment       0x000000000000006e       0x6f build/seven_segment.o
 .comment       0x000000000000006e       0x6f build/syscalls.o
 .comment       0x000000000000006e       0x6f build/I2CRoutines.o
 .comment       0x000000000000006e       0x6f build/BMA280.o
 .comment       0x000000000000006e       0x6f build/misc.o
 .comment       0x000000000000006e       0x6f build/stm32f10x_exti.o
 .comment       0x000000000000006e       0x6f build/stm32f10x_gpio.o
 .comment       0x000000000000006e       0x6f build/stm32f10x_i2c.o
 .comment       0x000000000000006e       0x6f build/stm32f10x_rcc.o
 .comment       0x000000000000006e       0x6f build/stm32f10x_usart.o
 .comment       0x000000000000006e       0x6f build/system_stm32f10x.o

.debug_frame    0x0000000000000000     0x2a84
 .debug_frame   0x0000000000000000       0x48 build/main.o
 .debug_frame   0x0000000000000048      0x35c build/stm32f10x_it.o
 .debug_frame   0x00000000000003a4      0x20c build/hw_config.o
 .debug_frame   0x00000000000005b0       0xb8 build/debug.o
 .debug_frame   0x0000000000000668       0x30 build/key.o
 .debug_frame   0x0000000000000698      0x17c build/led.o
 .debug_frame   0x0000000000000814       0xc4 build/seven_segment.o
 .debug_frame   0x00000000000008d8       0x30 build/syscalls.o
 .debug_frame   0x0000000000000908       0x90 build/I2CRoutines.o
 .debug_frame   0x0000000000000998       0x9c build/BMA280.o
 .debug_frame   0x0000000000000a34       0xa4 build/misc.o
 .debug_frame   0x0000000000000ad8       0xd8 build/stm32f10x_exti.o
 .debug_frame   0x0000000000000bb0      0x230 build/stm32f10x_gpio.o
 .debug_frame   0x0000000000000de0      0x404 build/stm32f10x_i2c.o
 .debug_frame   0x00000000000011e4      0x388 build/stm32f10x_rcc.o
 .debug_frame   0x000000000000156c      0x348 build/stm32f10x_usart.o
 .debug_frame   0x00000000000018b4       0x60 build/system_stm32f10x.o
 .debug_frame   0x0000000000001914       0x20 /usr/local/Cellar/gcc-arm-none-eabi/20160926/bin/../lib/gcc/arm-none-eabi/5.4.1/../../../../arm-none-eabi/lib/armv7-m/libc_nano.a(lib_a-memset.o)
 .debug_frame   0x0000000000001934       0x8c /usr/local/Cellar/gcc-arm-none-eabi/20160926/bin/../lib/gcc/arm-none-eabi/5.4.1/../../../../arm-none-eabi/lib/armv7-m/libc_nano.a(lib_a-nano-vfprintf_float.o)
 .debug_frame   0x00000000000019c0       0x60 /usr/local/Cellar/gcc-arm-none-eabi/20160926/bin/../lib/gcc/arm-none-eabi/5.4.1/../../../../arm-none-eabi/lib/armv7-m/libc_nano.a(lib_a-nano-vfprintf_i.o)
 .debug_frame   0x0000000000001a20       0x40 /usr/local/Cellar/gcc-arm-none-eabi/20160926/bin/../lib/gcc/arm-none-eabi/5.4.1/../../../../arm-none-eabi/lib/armv7-m/libc_nano.a(lib_a-nano-vfscanf_float.o)
 .debug_frame   0x0000000000001a60       0x74 /usr/local/Cellar/gcc-arm-none-eabi/20160926/bin/../lib/gcc/arm-none-eabi/5.4.1/../../../../arm-none-eabi/lib/armv7-m/libc_nano.a(lib_a-printf.o)
 .debug_frame   0x0000000000001ad4       0x3c /usr/local/Cellar/gcc-arm-none-eabi/20160926/bin/../lib/gcc/arm-none-eabi/5.4.1/../../../../arm-none-eabi/lib/armv7-m/libc_nano.a(lib_a-puts.o)
 .debug_frame   0x0000000000001b10       0x20 /usr/local/Cellar/gcc-arm-none-eabi/20160926/bin/../lib/gcc/arm-none-eabi/5.4.1/../../../../arm-none-eabi/lib/armv7-m/libc_nano.a(lib_a-sf_nan.o)
 .debug_frame   0x0000000000001b30       0x70 /usr/local/Cellar/gcc-arm-none-eabi/20160926/bin/../lib/gcc/arm-none-eabi/5.4.1/../../../../arm-none-eabi/lib/armv7-m/libc_nano.a(lib_a-sprintf.o)
 .debug_frame   0x0000000000001ba0       0xf8 /usr/local/Cellar/gcc-arm-none-eabi/20160926/bin/../lib/gcc/arm-none-eabi/5.4.1/../../../../arm-none-eabi/lib/armv7-m/libc_nano.a(lib_a-strtod.o)
 .debug_frame   0x0000000000001c98       0x84 /usr/local/Cellar/gcc-arm-none-eabi/20160926/bin/../lib/gcc/arm-none-eabi/5.4.1/../../../../arm-none-eabi/lib/armv7-m/libc_nano.a(lib_a-strtol.o)
 .debug_frame   0x0000000000001d1c       0x40 /usr/local/Cellar/gcc-arm-none-eabi/20160926/bin/../lib/gcc/arm-none-eabi/5.4.1/../../../../arm-none-eabi/lib/armv7-m/libc_nano.a(lib_a-wbuf.o)
 .debug_frame   0x0000000000001d5c       0x2c /usr/local/Cellar/gcc-arm-none-eabi/20160926/bin/../lib/gcc/arm-none-eabi/5.4.1/../../../../arm-none-eabi/lib/armv7-m/libc_nano.a(lib_a-wsetup.o)
 .debug_frame   0x0000000000001d88       0x6c /usr/local/Cellar/gcc-arm-none-eabi/20160926/bin/../lib/gcc/arm-none-eabi/5.4.1/../../../../arm-none-eabi/lib/armv7-m/libc_nano.a(lib_a-dtoa.o)
 .debug_frame   0x0000000000001df4       0x68 /usr/local/Cellar/gcc-arm-none-eabi/20160926/bin/../lib/gcc/arm-none-eabi/5.4.1/../../../../arm-none-eabi/lib/armv7-m/libc_nano.a(lib_a-fflush.o)
 .debug_frame   0x0000000000001e5c      0x11c /usr/local/Cellar/gcc-arm-none-eabi/20160926/bin/../lib/gcc/arm-none-eabi/5.4.1/../../../../arm-none-eabi/lib/armv7-m/libc_nano.a(lib_a-findfp.o)
 .debug_frame   0x0000000000001f78       0x54 /usr/local/Cellar/gcc-arm-none-eabi/20160926/bin/../lib/gcc/arm-none-eabi/5.4.1/../../../../arm-none-eabi/lib/armv7-m/libc_nano.a(lib_a-fwalk.o)
 .debug_frame   0x0000000000001fcc       0x70 /usr/local/Cellar/gcc-arm-none-eabi/20160926/bin/../lib/gcc/arm-none-eabi/5.4.1/../../../../arm-none-eabi/lib/armv7-m/libc_nano.a(lib_a-gdtoa-gethex.o)